../USB_DEVICE/Target/usbd_conf.c:66:6:HAL_PCD_MspInit	24	static
../USB_DEVICE/Target/usbd_conf.c:85:6:HAL_PCD_MspDeInit	16	static
../USB_DEVICE/Target/usbd_conf.c:112:6:HAL_PCD_SetupStageCallback	16	static
../USB_DEVICE/Target/usbd_conf.c:130:6:HAL_PCD_DataOutStageCallback	24	static
../USB_DEVICE/Target/usbd_conf.c:145:6:HAL_PCD_DataInStageCallback	16	static
../USB_DEVICE/Target/usbd_conf.c:159:6:HAL_PCD_SOFCallback	16	static
../USB_DEVICE/Target/usbd_conf.c:173:6:HAL_PCD_ResetCallback	24	static
../USB_DEVICE/Target/usbd_conf.c:198:6:HAL_PCD_SuspendCallback	16	static
../USB_DEVICE/Target/usbd_conf.c:222:6:HAL_PCD_ResumeCallback	16	static
../USB_DEVICE/Target/usbd_conf.c:245:6:HAL_PCD_ISOOUTIncompleteCallback	16	static
../USB_DEVICE/Target/usbd_conf.c:260:6:HAL_PCD_ISOINIncompleteCallback	16	static
../USB_DEVICE/Target/usbd_conf.c:274:6:HAL_PCD_ConnectCallback	16	static
../USB_DEVICE/Target/usbd_conf.c:288:6:HAL_PCD_DisconnectCallback	16	static
../USB_DEVICE/Target/usbd_conf.c:306:20:USBD_LL_Init	16	static
../USB_DEVICE/Target/usbd_conf.c:359:20:USBD_LL_DeInit	40	static
../USB_DEVICE/Target/usbd_conf.c:376:20:USBD_LL_Start	40	static
../USB_DEVICE/Target/usbd_conf.c:393:20:USBD_LL_Stop	40	static
../USB_DEVICE/Target/usbd_conf.c:413:20:USBD_LL_OpenEP	40	static
../USB_DEVICE/Target/usbd_conf.c:431:20:USBD_LL_CloseEP	40	static
../USB_DEVICE/Target/usbd_conf.c:449:20:USBD_LL_FlushEP	40	static
../USB_DEVICE/Target/usbd_conf.c:467:20:USBD_LL_StallEP	40	static
../USB_DEVICE/Target/usbd_conf.c:485:20:USBD_LL_ClearStallEP	40	static
../USB_DEVICE/Target/usbd_conf.c:503:9:USBD_LL_IsStallEP	24	static
../USB_DEVICE/Target/usbd_conf.c:523:20:USBD_LL_SetUSBAddress	40	static
../USB_DEVICE/Target/usbd_conf.c:543:20:USBD_LL_Transmit	48	static
../USB_DEVICE/Target/usbd_conf.c:563:20:USBD_LL_PrepareReceive	48	static
../USB_DEVICE/Target/usbd_conf.c:581:10:USBD_LL_GetRxDataSize	16	static
../USB_DEVICE/Target/usbd_conf.c:591:6:USBD_LL_Delay	16	static
../USB_DEVICE/Target/usbd_conf.c:601:7:USBD_static_malloc	16	static
../USB_DEVICE/Target/usbd_conf.c:618:6:USBD_static_free	16	static
../USB_DEVICE/Target/usbd_conf.c:629:13:SystemClockConfig_Resume	8	static
../USB_DEVICE/Target/usbd_conf.c:640:20:USBD_Get_USB_Status	24	static
