Archive member included to satisfy reference by file (symbol)

/opt/st/stm32cubeide_2.1.1/plugins/com.st.stm32cube.ide.mcu.externaltools.gnu-tools-for-stm32.14.3.rel1.linux64_1.0.100.202602081740/tools/bin/../lib/gcc/arm-none-eabi/14.3.1/../../../../arm-none-eabi/lib/thumb/v6-m/nofp/libc_nano.a(libc_a-exit.o)
                              /opt/st/stm32cubeide_2.1.1/plugins/com.st.stm32cube.ide.mcu.externaltools.gnu-tools-for-stm32.14.3.rel1.linux64_1.0.100.202602081740/tools/bin/../lib/gcc/arm-none-eabi/14.3.1/../../../../arm-none-eabi/lib/thumb/v6-m/nofp/crt0.o (exit)
/opt/st/stm32cubeide_2.1.1/plugins/com.st.stm32cube.ide.mcu.externaltools.gnu-tools-for-stm32.14.3.rel1.linux64_1.0.100.202602081740/tools/bin/../lib/gcc/arm-none-eabi/14.3.1/../../../../arm-none-eabi/lib/thumb/v6-m/nofp/libc_nano.a(libc_a-findfp.o)
                              /opt/st/stm32cubeide_2.1.1/plugins/com.st.stm32cube.ide.mcu.externaltools.gnu-tools-for-stm32.14.3.rel1.linux64_1.0.100.202602081740/tools/bin/../lib/gcc/arm-none-eabi/14.3.1/../../../../arm-none-eabi/lib/thumb/v6-m/nofp/libc_nano.a(libc_a-exit.o) (__stdio_exit_handler)
/opt/st/stm32cubeide_2.1.1/plugins/com.st.stm32cube.ide.mcu.externaltools.gnu-tools-for-stm32.14.3.rel1.linux64_1.0.100.202602081740/tools/bin/../lib/gcc/arm-none-eabi/14.3.1/../../../../arm-none-eabi/lib/thumb/v6-m/nofp/libc_nano.a(libc_a-fwalk.o)
                              /opt/st/stm32cubeide_2.1.1/plugins/com.st.stm32cube.ide.mcu.externaltools.gnu-tools-for-stm32.14.3.rel1.linux64_1.0.100.202602081740/tools/bin/../lib/gcc/arm-none-eabi/14.3.1/../../../../arm-none-eabi/lib/thumb/v6-m/nofp/libc_nano.a(libc_a-findfp.o) (_fwalk_sglue)
/opt/st/stm32cubeide_2.1.1/plugins/com.st.stm32cube.ide.mcu.externaltools.gnu-tools-for-stm32.14.3.rel1.linux64_1.0.100.202602081740/tools/bin/../lib/gcc/arm-none-eabi/14.3.1/../../../../arm-none-eabi/lib/thumb/v6-m/nofp/libc_nano.a(libc_a-stdio.o)
                              /opt/st/stm32cubeide_2.1.1/plugins/com.st.stm32cube.ide.mcu.externaltools.gnu-tools-for-stm32.14.3.rel1.linux64_1.0.100.202602081740/tools/bin/../lib/gcc/arm-none-eabi/14.3.1/../../../../arm-none-eabi/lib/thumb/v6-m/nofp/libc_nano.a(libc_a-findfp.o) (__sread)
/opt/st/stm32cubeide_2.1.1/plugins/com.st.stm32cube.ide.mcu.externaltools.gnu-tools-for-stm32.14.3.rel1.linux64_1.0.100.202602081740/tools/bin/../lib/gcc/arm-none-eabi/14.3.1/../../../../arm-none-eabi/lib/thumb/v6-m/nofp/libc_nano.a(libc_a-memset.o)
                              /opt/st/stm32cubeide_2.1.1/plugins/com.st.stm32cube.ide.mcu.externaltools.gnu-tools-for-stm32.14.3.rel1.linux64_1.0.100.202602081740/tools/bin/../lib/gcc/arm-none-eabi/14.3.1/../../../../arm-none-eabi/lib/thumb/v6-m/nofp/crt0.o (memset)
/opt/st/stm32cubeide_2.1.1/plugins/com.st.stm32cube.ide.mcu.externaltools.gnu-tools-for-stm32.14.3.rel1.linux64_1.0.100.202602081740/tools/bin/../lib/gcc/arm-none-eabi/14.3.1/../../../../arm-none-eabi/lib/thumb/v6-m/nofp/libc_nano.a(libc_a-closer.o)
                              /opt/st/stm32cubeide_2.1.1/plugins/com.st.stm32cube.ide.mcu.externaltools.gnu-tools-for-stm32.14.3.rel1.linux64_1.0.100.202602081740/tools/bin/../lib/gcc/arm-none-eabi/14.3.1/../../../../arm-none-eabi/lib/thumb/v6-m/nofp/libc_nano.a(libc_a-stdio.o) (_close_r)
/opt/st/stm32cubeide_2.1.1/plugins/com.st.stm32cube.ide.mcu.externaltools.gnu-tools-for-stm32.14.3.rel1.linux64_1.0.100.202602081740/tools/bin/../lib/gcc/arm-none-eabi/14.3.1/../../../../arm-none-eabi/lib/thumb/v6-m/nofp/libc_nano.a(libc_a-reent.o)
                              /opt/st/stm32cubeide_2.1.1/plugins/com.st.stm32cube.ide.mcu.externaltools.gnu-tools-for-stm32.14.3.rel1.linux64_1.0.100.202602081740/tools/bin/../lib/gcc/arm-none-eabi/14.3.1/../../../../arm-none-eabi/lib/thumb/v6-m/nofp/libc_nano.a(libc_a-closer.o) (errno)
/opt/st/stm32cubeide_2.1.1/plugins/com.st.stm32cube.ide.mcu.externaltools.gnu-tools-for-stm32.14.3.rel1.linux64_1.0.100.202602081740/tools/bin/../lib/gcc/arm-none-eabi/14.3.1/../../../../arm-none-eabi/lib/thumb/v6-m/nofp/libc_nano.a(libc_a-impure.o)
                              /opt/st/stm32cubeide_2.1.1/plugins/com.st.stm32cube.ide.mcu.externaltools.gnu-tools-for-stm32.14.3.rel1.linux64_1.0.100.202602081740/tools/bin/../lib/gcc/arm-none-eabi/14.3.1/../../../../arm-none-eabi/lib/thumb/v6-m/nofp/libc_nano.a(libc_a-reent.o) (_impure_ptr)
/opt/st/stm32cubeide_2.1.1/plugins/com.st.stm32cube.ide.mcu.externaltools.gnu-tools-for-stm32.14.3.rel1.linux64_1.0.100.202602081740/tools/bin/../lib/gcc/arm-none-eabi/14.3.1/../../../../arm-none-eabi/lib/thumb/v6-m/nofp/libc_nano.a(libc_a-lseekr.o)
                              /opt/st/stm32cubeide_2.1.1/plugins/com.st.stm32cube.ide.mcu.externaltools.gnu-tools-for-stm32.14.3.rel1.linux64_1.0.100.202602081740/tools/bin/../lib/gcc/arm-none-eabi/14.3.1/../../../../arm-none-eabi/lib/thumb/v6-m/nofp/libc_nano.a(libc_a-stdio.o) (_lseek_r)
[...]
Memory Configuration

Name             Origin             Length             Attributes
RAM              0x20000000         0x00004000         xrw
FLASH            0x08000000         0x00010000         xr
*default*        0x00000000         0xffffffff

Linker script and memory map

LOAD /opt/st/stm32cubeide_2.1.1/plugins/com.st.stm32cube.ide.mcu.externaltools.gnu-tools-for-stm32.14.3.rel1.linux64_1.0.100.202602081740/tools/bin/../lib/gcc/arm-none-eabi/14.3.1/thumb/v6-m/nofp/crti.o
LOAD /opt/st/stm32cubeide_2.1.1/plugins/com.st.stm32cube.ide.mcu.externaltools.gnu-tools-for-stm32.14.3.rel1.linux64_1.0.100.202602081740/tools/bin/../lib/gcc/arm-none-eabi/14.3.1/thumb/v6-m/nofp/crtbegin.o
LOAD /opt/st/stm32cubeide_2.1.1/plugins/com.st.stm32cube.ide.mcu.externaltools.gnu-tools-for-stm32.14.3.rel1.linux64_1.0.100.202602081740/tools/bin/../lib/gcc/arm-none-eabi/14.3.1/../../../../arm-none-eabi/lib/thumb/v6-m/nofp/crt0.o
LOAD ./Core/Src/EmulateMIDI.o
LOAD ./Core/Src/Jump2System.o
LOAD ./Core/Src/bitcount.o
LOAD ./Core/Src/led.o
LOAD ./Core/Src/main.o
LOAD ./Core/Src/queue.o
LOAD ./Core/Src/speaker.o
LOAD ./Core/Src/stm32f0xx_hal_msp.o
LOAD ./Core/Src/stm32f0xx_it.o
LOAD ./Core/Src/syscalls.o
LOAD ./Core/Src/sysmem.o
LOAD ./Core/Src/system_stm32f0xx.o
LOAD ./Core/Startup/startup_stm32f072r8tx.o
LOAD ./Drivers/STM32F0xx_HAL_Driver/Src/stm32f0xx_hal.o
LOAD ./Drivers/STM32F0xx_HAL_Driver/Src/stm32f0xx_hal_cortex.o
LOAD ./Drivers/STM32F0xx_HAL_Driver/Src/stm32f0xx_hal_dma.o
LOAD ./Drivers/STM32F0xx_HAL_Driver/Src/stm32f0xx_hal_exti.o
LOAD ./Drivers/STM32F0xx_HAL_Driver/Src/stm32f0xx_hal_flash.o
LOAD ./Drivers/STM32F0xx_HAL_Driver/Src/stm32f0xx_hal_flash_ex.o
LOAD ./Drivers/STM32F0xx_HAL_Driver/Src/stm32f0xx_hal_gpio.o
LOAD ./Drivers/STM32F0xx_HAL_Driver/Src/stm32f0xx_hal_i2c.o
LOAD ./Drivers/STM32F0xx_HAL_Driver/Src/stm32f0xx_hal_i2c_ex.o
LOAD ./Drivers/STM32F0xx_HAL_Driver/Src/stm32f0xx_hal_pcd.o
LOAD ./Drivers/STM32F0xx_HAL_Driver/Src/stm32f0xx_hal_pcd_ex.o
LOAD ./Drivers/STM32F0xx_HAL_Driver/Src/stm32f0xx_hal_pwr.o
LOAD ./Drivers/STM32F0xx_HAL_Driver/Src/stm32f0xx_hal_pwr_ex.o
LOAD ./Drivers/STM32F0xx_HAL_Driver/Src/stm32f0xx_hal_rcc.o
LOAD ./Drivers/STM32F0xx_HAL_Driver/Src/stm32f0xx_hal_rcc_ex.o
LOAD ./Drivers/STM32F0xx_HAL_Driver/Src/stm32f0xx_hal_tim.o
LOAD ./Drivers/STM32F0xx_HAL_Driver/Src/stm32f0xx_hal_tim_ex.o
LOAD ./Drivers/STM32F0xx_HAL_Driver/Src/stm32f0xx_ll_usb.o
LOAD ./Middlewares/ST/STM32_USB_Device_Library/Core/Src/usbd_core.o
LOAD ./Middlewares/ST/STM32_USB_Device_Library/Core/Src/usbd_ctlreq.o
LOAD ./Middlewares/ST/STM32_USB_Device_Library/Core/Src/usbd_ioreq.o
LOAD ./Middlewares/USBMIDI/Src/usbd_midi.o
LOAD ./USB_DEVICE/App/usb_device.o
LOAD ./USB_DEVICE/App/usbd_desc.o
LOAD ./USB_DEVICE/App/usbd_midi_if.o
LOAD ./USB_DEVICE/Target/usbd_conf.o
START GROUP
LOAD /opt/st/stm32cubeide_2.1.1/plugins/com.st.stm32cube.ide.mcu.externaltools.gnu-tools-for-stm32.14.3.rel1.linux64_1.0.100.202602081740/tools/bin/../lib/gcc/arm-none-eabi/14.3.1/../../../../arm-none-eabi/lib/thumb/v6-m/nofp/libc_nano.a
LOAD /opt/st/stm32cubeide_2.1.1/plugins/com.st.stm32cube.ide.mcu.externaltools.gnu-tools-for-stm32.14.3.rel1.linux64_1.0.100.202602081740/tools/bin/../lib/gcc/arm-none-eabi/14.3.1/../../../../arm-none-eabi/lib/thumb/v6-m/nofp/libm.a
END GROUP
START GROUP
LOAD /opt/st/stm32cubeide_2.1.1/plugins/com.st.stm32cube.ide.mcu.externaltools.gnu-tools-for-stm32.14.3.rel1.linux64_1.0.100.202602081740/tools/bin/../lib/gcc/arm-none-eabi/14.3.1/thumb/v6-m/nofp/libgcc.a
LOAD /opt/st/stm32cubeide_2.1.1/plugins/com.st.stm32cube.ide.mcu.externaltools.gnu-tools-for-stm32.14.3.rel1.linux64_1.0.100.202602081740/tools/bin/../lib/gcc/arm-none-eabi/14.3.1/../../../../arm-none-eabi/lib/thumb/v6-m/nofp/libc_nano.a
END GROUP
START GROUP
LOAD /opt/st/stm32cubeide_2.1.1/plugins/com.st.stm32cube.ide.mcu.externaltools.gnu-tools-for-stm32.14.3.rel1.linux64_1.0.100.202602081740/tools/bin/../lib/gcc/arm-none-eabi/14.3.1/thumb/v6-m/nofp/libgcc.a
LOAD /opt/st/stm32cubeide_2.1.1/plugins/com.st.stm32cube.ide.mcu.externaltools.gnu-tools-for-stm32.14.3.rel1.linux64_1.0.100.202602081740/tools/bin/../lib/gcc/arm-none-eabi/14.3.1/../../../../arm-none-eabi/lib/thumb/v6-m/nofp/libc_nano.a
LOAD /opt/st/stm32cubeide_2.1.1/plugins/com.st.stm32cube.ide.mcu.externaltools.gnu-tools-for-stm32.14.3.rel1.linux64_1.0.100.202602081740/tools/bin/../lib/gcc/arm-none-eabi/14.3.1/../../../../arm-none-eabi/lib/thumb/v6-m/nofp/libnosys.a
END GROUP
START GROUP
LOAD /opt/st/stm32cubeide_2.1.1/plugins/com.st.stm32cube.ide.mcu.externaltools.gnu-tools-for-stm32.14.3.rel1.linux64_1.0.100.202602081740/tools/bin/../lib/gcc/arm-none-eabi/14.3.1/thumb/v6-m/nofp/libgcc.a
LOAD /opt/st/stm32cubeide_2.1.1/plugins/com.st.stm32cube.ide.mcu.externaltools.gnu-tools-for-stm32.14.3.rel1.linux64_1.0.100.202602081740/tools/bin/../lib/gcc/arm-none-eabi/14.3.1/../../../../arm-none-eabi/lib/thumb/v6-m/nofp/libc_nano.a
LOAD /opt/st/stm32cubeide_2.1.1/plugins/com.st.stm32cube.ide.mcu.externaltools.gnu-tools-for-stm32.14.3.rel1.linux64_1.0.100.202602081740/tools/bin/../lib/gcc/arm-none-eabi/14.3.1/../../../../arm-none-eabi/lib/thumb/v6-m/nofp/libnosys.a
END GROUP
LOAD /opt/st/stm32cubeide_2.1.1/plugins/com.st.stm32cube.ide.mcu.externaltools.gnu-tools-for-stm32.14.3.rel1.linux64_1.0.100.202602081740/tools/bin/../lib/gcc/arm-none-eabi/14.3.1/thumb/v6-m/nofp/crtend.o
LOAD /opt/st/stm32cubeide_2.1.1/plugins/com.st.stm32cube.ide.mcu.externaltools.gnu-tools-for-stm32.14.3.rel1.linux64_1.0.100.202602081740/tools/bin/../lib/gcc/arm-none-eabi/14.3.1/thumb/v6-m/nofp/crtn.o
                0x20004000                        _estack = (ORIGIN (RAM) + LENGTH (RAM))
                0x00000200                        _Min_Heap_Size = 0x200
                0x00000400                        _Min_Stack_Size = 0x400

.isr_vector     0x08000000       0xc0
                0x08000000                        . = ALIGN (0x4)
 *(.isr_vector)
 .isr_vector    0x08000000       0xc0 ./Core/Startup/startup_stm32f072r8tx.o
                0x08000000                g_pfnVectors
                0x080000c0                        . = ALIGN (0x4)

.text           0x080000c0     0xb2e0
                0x080000c0                        . = ALIGN (0x4)
 *(.text)
 .text          0x080000c0       0x48 /opt/st/stm32cubeide_2.1.1/plugins/com.st.stm32cube.ide.mcu.externaltools.gnu-tools-for-stm32.14.3.rel1.linux64_1.0.100.202602081740/tools/bin/../lib/gcc/arm-none-eabi/14.3.1/thumb/v6-m/nofp/crtbegin.o
 .text          0x08000108      0x114 /opt/st/stm32cubeide_2.1.1/plugins/com.st.stm32cube.ide.mcu.externaltools.gnu-tools-for-stm32.14.3.rel1.linux64_1.0.100.202602081740/tools/bin/../lib/gcc/arm-none-eabi/14.3.1/thumb/v6-m/nofp/libgcc.a(_udivsi3.o)
                0x08000108                __udivsi3
                0x08000108                __aeabi_uidiv
                0x08000214                __aeabi_uidivmod
 .text          0x0800021c        0x4 /opt/st/stm32cubeide_2.1.1/plugins/com.st.stm32cube.ide.mcu.externaltools.gnu-tools-for-stm32.14.3.rel1.linux64_1.0.100.202602081740/tools/bin/../lib/gcc/arm-none-eabi/14.3.1/thumb/v6-m/nofp/libgcc.a(_dvmd_tls.o)
                0x0800021c                __aeabi_ldiv0
                0x0800021c                __aeabi_idiv0
 *(.text*)
 .text.MIDI_CC_Inc
                0x08000220       0x3c ./Core/Src/EmulateMIDI.o
 .text.MIDI_CC_Dec
                0x0800025c       0x3c ./Core/Src/EmulateMIDI.o
 .text.EmulateMIDI_Init
                0x08000298       0x50 ./Core/Src/EmulateMIDI.o
                0x08000298                EmulateMIDI_Init
 .text.EmulateMIDI
                0x080002e8      0x488 ./Core/Src/EmulateMIDI.o
                0x080002e8                EmulateMIDI
 .text.Jump2SystemMemory
                0x08000770       0xb4 ./Core/Src/Jump2System.o
                0x08000770                Jump2SystemMemory
 .text.bitcount16
                0x08000824       0x90 ./Core/Src/bitcount.o
                0x08000824                bitcount16
 .text.bitcount32
                0x080008b4       0x74 ./Core/Src/bitcount.o
                0x080008b4                bitcount32
 .text.ntz16    0x08000928       0x3e ./Core/Src/bitcount.o
                0x08000928                ntz16
 .text.ntz32    0x08000966       0x28 ./Core/Src/bitcount.o
                0x08000966                ntz32
 *fill*         0x0800098e        0x2 
 .text.LED_Initialize
                0x08000990       0x30 ./Core/Src/led.o
                0x08000990                LED_Initialize
 .text.LED_Delay_us
                0x080009c0       0x34 ./Core/Src/led.o
 .text.LED_SetScene
                0x080009f4       0x38 ./Core/Src/led.o
                0x080009f4                LED_SetScene
 .text.LED_TestPattern
                0x08000a2c       0x20 ./Core/Src/led.o
                0x08000a2c                LED_TestPattern
 .text.LED_SetValue
                0x08000a4c       0xc4 ./Core/Src/led.o
                0x08000a4c                LED_SetValue
 .text.LED_SetPulse
                0x08000b10       0x50 ./Core/Src/led.o
                0x08000b10                LED_SetPulse
 .text.Color2Pulse
                0x08000b60       0x9c ./Core/Src/led.o
 .text.LED_SendPulse
                0x08000bfc       0x94 ./Core/Src/led.o
                0x08000bfc                LED_SendPulse
 .text.Stop_All_Encoders
                0x08000c90       0x18 ./Core/Src/main.o
 .text.Start_All_Encoders
                0x08000ca8       0x1c ./Core/Src/main.o
 .text.Start_LongTimer
                0x08000cc4       0x30 ./Core/Src/main.o
                0x08000cc4                Start_LongTimer
 .text.Matrix_Control
                0x08000cf4       0x9c ./Core/Src/main.o
 .text.main     0x08000d90      0x498 ./Core/Src/main.o
                0x08000d90                main
 .text.SystemClock_Config
                0x08001228       0xa8 ./Core/Src/main.o
                0x08001228                SystemClock_Config
 .text.MX_TIM1_Init
                0x080012d0      0x168 ./Core/Src/main.o
 .text.MX_TIM2_Init
                0x08001438       0xa8 ./Core/Src/main.o
 .text.MX_TIM3_Init
                0x080014e0      0x110 ./Core/Src/main.o
 .text.MX_TIM6_Init
                0x080015f0       0x74 ./Core/Src/main.o
 .text.MX_TIM14_Init
                0x08001664       0x58 ./Core/Src/main.o
 .text.MX_DMA_Init
                0x080016bc       0x3c ./Core/Src/main.o
 .text.MX_GPIO_Init
                0x080016f8      0x1bc ./Core/Src/main.o
 .text.Error_Handler
                0x080018b4        0xc ./Core/Src/main.o
                0x080018b4                Error_Handler
 .text.queue_init
                0x080018c0       0x54 ./Core/Src/queue.o
                0x080018c0                queue_init
 .text.queue_enqueue
                0x08001914       0x94 ./Core/Src/queue.o
                0x08001914                queue_enqueue
 .text.queue_dequeue
                0x080019a8       0x68 ./Core/Src/queue.o
                0x080019a8                queue_dequeue
 .text.queue_isempty
                0x08001a10       0x40 ./Core/Src/queue.o
                0x08001a10                queue_isempty
 .text.SPEAKER_Initialize
                0x08001a50        0xe ./Core/Src/speaker.o
                0x08001a50                SPEAKER_Initialize
 *fill*         0x08001a5e        0x2 
 .text.SPEAKER_PlaySound
                0x08001a60       0x58 ./Core/Src/speaker.o
                0x08001a60                SPEAKER_PlaySound
 .text.SPEAKER_Stop
                0x08001ab8       0x2c ./Core/Src/speaker.o
                0x08001ab8                SPEAKER_Stop
 .text.HAL_MspInit
                0x08001ae4       0x48 ./Core/Src/stm32f0xx_hal_msp.o
                0x08001ae4                HAL_MspInit
 .text.HAL_TIM_Base_MspInit
                0x08001b2c      0x178 ./Core/Src/stm32f0xx_hal_msp.o
                0x08001b2c                HAL_TIM_Base_MspInit
 .text.HAL_TIM_MspPostInit
                0x08001ca4       0xd8 ./Core/Src/stm32f0xx_hal_msp.o
                0x08001ca4                HAL_TIM_MspPostInit
 .text.NMI_Handler
                0x08001d7c        0x8 ./Core/Src/stm32f0xx_it.o
                0x08001d7c                NMI_Handler
 .text.HardFault_Handler
                0x08001d84        0x8 ./Core/Src/stm32f0xx_it.o
                0x08001d84                HardFault_Handler
 .text.SVC_Handler
                0x08001d8c        0xa ./Core/Src/stm32f0xx_it.o
                0x08001d8c                SVC_Handler
 .text.PendSV_Handler
                0x08001d96        0xa ./Core/Src/stm32f0xx_it.o
                0x08001d96                PendSV_Handler
 .text.SysTick_Handler
                0x08001da0        0xe ./Core/Src/stm32f0xx_it.o
                0x08001da0                SysTick_Handler
 *fill*         0x08001dae        0x2 
 .text.DMA1_Channel4_5_6_7_IRQHandler
                0x08001db0       0x6c ./Core/Src/stm32f0xx_it.o
                0x08001db0                DMA1_Channel4_5_6_7_IRQHandler
 .text.TIM2_IRQHandler
                0x08001e1c      0x454 ./Core/Src/stm32f0xx_it.o
                0x08001e1c                TIM2_IRQHandler
 .text.TIM6_DAC_IRQHandler
                0x08002270       0x20 ./Core/Src/stm32f0xx_it.o
                0x08002270                TIM6_DAC_IRQHandler
 .text.USB_IRQHandler
                0x08002290       0x18 ./Core/Src/stm32f0xx_it.o
                0x08002290                USB_IRQHandler
 .text.ENC_Init
                0x080022a8      0x368 ./Core/Src/stm32f0xx_it.o
                0x080022a8                ENC_Init
 .text.MTRX_Init
                0x08002610       0x28 ./Core/Src/stm32f0xx_it.o
                0x08002610                MTRX_Init
 .text.SystemInit
                0x08002638        0xa ./Core/Src/system_stm32f0xx.o
                0x08002638                SystemInit
 *fill*         0x08002642        0x2 
 .text.Reset_Handler
                0x08002644       0x50 ./Core/Startup/startup_stm32f072r8tx.o
                0x08002644                Reset_Handler
 .text.Default_Handler
                0x08002694        0x2 ./Core/Startup/startup_stm32f072r8tx.o
                0x08002694                TIM1_CC_IRQHandler
                0x08002694                TSC_IRQHandler
                0x08002694                ADC1_COMP_IRQHandler
                0x08002694                I2C1_IRQHandler
                0x08002694                RCC_CRS_IRQHandler
                0x08002694                SPI1_IRQHandler
                0x08002694                USART3_4_IRQHandler
                0x08002694                EXTI2_3_IRQHandler
                0x08002694                I2C2_IRQHandler
                0x08002694                TIM17_IRQHandler
                0x08002694                CEC_CAN_IRQHandler
                0x08002694                RTC_IRQHandler
                0x08002694                PVD_VDDIO2_IRQHandler
                0x08002694                TIM16_IRQHandler
                0x08002694                TIM3_IRQHandler
                0x08002694                EXTI4_15_IRQHandler
                0x08002694                DMA1_Channel1_IRQHandler
                0x08002694                Default_Handler
                0x08002694                TIM14_IRQHandler
                0x08002694                TIM7_IRQHandler
                0x08002694                TIM15_IRQHandler
                0x08002694                EXTI0_1_IRQHandler
                0x08002694                SPI2_IRQHandler
                0x08002694                WWDG_IRQHandler
                0x08002694                DMA1_Channel2_3_IRQHandler
                0x08002694                USART2_IRQHandler
                0x08002694                FLASH_IRQHandler
                0x08002694                USART1_IRQHandler
                0x08002694                TIM1_BRK_UP_TRG_COM_IRQHandler
 *fill*         0x08002696        0x2 
 .text.HAL_Init
                0x08002698       0x28 ./Drivers/STM32F0xx_HAL_Driver/Src/stm32f0xx_hal.o
                0x08002698                HAL_Init
 .text.HAL_InitTick
                0x080026c0       0x68 ./Drivers/STM32F0xx_HAL_Driver/Src/stm32f0xx_hal.o
                0x080026c0                HAL_InitTick
 .text.HAL_IncTick
                0x08002728       0x24 ./Drivers/STM32F0xx_HAL_Driver/Src/stm32f0xx_hal.o
                0x08002728                HAL_IncTick
 .text.HAL_GetTick
                0x0800274c       0x14 ./Drivers/STM32F0xx_HAL_Driver/Src/stm32f0xx_hal.o
                0x0800274c                HAL_GetTick
 .text.HAL_Delay
                0x08002760       0x48 ./Drivers/STM32F0xx_HAL_Driver/Src/stm32f0xx_hal.o
                0x08002760                HAL_Delay
 .text.__NVIC_EnableIRQ
                0x080027a8       0x34 ./Drivers/STM32F0xx_HAL_Driver/Src/stm32f0xx_hal_cortex.o
 .text.__NVIC_SetPriority
                0x080027dc       0xdc ./Drivers/STM32F0xx_HAL_Driver/Src/stm32f0xx_hal_cortex.o
 .text.__NVIC_SystemReset
                0x080028b8       0x24 ./Drivers/STM32F0xx_HAL_Driver/Src/stm32f0xx_hal_cortex.o
 .text.SysTick_Config
                0x080028dc       0x48 ./Drivers/STM32F0xx_HAL_Driver/Src/stm32f0xx_hal_cortex.o
 .text.HAL_NVIC_SetPriority
                0x08002924       0x2a ./Drivers/STM32F0xx_HAL_Driver/Src/stm32f0xx_hal_cortex.o
                0x08002924                HAL_NVIC_SetPriority
 .text.HAL_NVIC_EnableIRQ
                0x0800294e       0x20 ./Drivers/STM32F0xx_HAL_Driver/Src/stm32f0xx_hal_cortex.o
                0x0800294e                HAL_NVIC_EnableIRQ
 .text.HAL_NVIC_SystemReset
                0x0800296e        0x8 ./Drivers/STM32F0xx_HAL_Driver/Src/stm32f0xx_hal_cortex.o
                0x0800296e                HAL_NVIC_SystemReset
 .text.HAL_SYSTICK_Config
                0x08002976       0x1a ./Drivers/STM32F0xx_HAL_Driver/Src/stm32f0xx_hal_cortex.o
                0x08002976                HAL_SYSTICK_Config
 .text.HAL_DMA_Init
                0x08002990       0x90 ./Drivers/STM32F0xx_HAL_Driver/Src/stm32f0xx_hal_dma.o
                0x08002990                HAL_DMA_Init
 .text.HAL_DMA_Start_IT
                0x08002a20       0xcc ./Drivers/STM32F0xx_HAL_Driver/Src/stm32f0xx_hal_dma.o
                0x08002a20                HAL_DMA_Start_IT
 .text.HAL_DMA_Abort_IT
                0x08002aec       0x8a ./Drivers/STM32F0xx_HAL_Driver/Src/stm32f0xx_hal_dma.o
                0x08002aec                HAL_DMA_Abort_IT
 .text.HAL_DMA_IRQHandler
                0x08002b76      0x144 ./Drivers/STM32F0xx_HAL_Driver/Src/stm32f0xx_hal_dma.o
                0x08002b76                HAL_DMA_IRQHandler
 .text.DMA_SetConfig
                0x08002cba       0x58 ./Drivers/STM32F0xx_HAL_Driver/Src/stm32f0xx_hal_dma.o
 *fill*         0x08002d12        0x2 
 .text.DMA_CalcBaseAndBitshift
                0x08002d14       0x38 ./Drivers/STM32F0xx_HAL_Driver/Src/stm32f0xx_hal_dma.o
 .text.HAL_GPIO_Init
                0x08002d4c      0x2f0 ./Drivers/STM32F0xx_HAL_Driver/Src/stm32f0xx_hal_gpio.o
                0x08002d4c                HAL_GPIO_Init
 .text.HAL_GPIO_WritePin
                0x0800303c       0x3a ./Drivers/STM32F0xx_HAL_Driver/Src/stm32f0xx_hal_gpio.o
                0x0800303c                HAL_GPIO_WritePin
 *fill*         0x08003076        0x2 
 .text.HAL_PCD_Init
                0x08003078      0x1e8 ./Drivers/STM32F0xx_HAL_Driver/Src/stm32f0xx_hal_pcd.o
                0x08003078                HAL_PCD_Init
 .text.HAL_PCD_Start
                0x08003260       0x4a ./Drivers/STM32F0xx_HAL_Driver/Src/stm32f0xx_hal_pcd.o
                0x08003260                HAL_PCD_Start
 *fill*         0x080032aa        0x2 
 .text.HAL_PCD_IRQHandler
                0x080032ac      0x288 ./Drivers/STM32F0xx_HAL_Driver/Src/stm32f0xx_hal_pcd.o
                0x080032ac                HAL_PCD_IRQHandler
 .text.HAL_PCD_SetAddress
                0x08003534       0x54 ./Drivers/STM32F0xx_HAL_Driver/Src/stm32f0xx_hal_pcd.o
                0x08003534                HAL_PCD_SetAddress
 .text.HAL_PCD_EP_Open
                0x08003588       0xde ./Drivers/STM32F0xx_HAL_Driver/Src/stm32f0xx_hal_pcd.o
                0x08003588                HAL_PCD_EP_Open
 .text.HAL_PCD_EP_Close
                0x08003666       0xa2 ./Drivers/STM32F0xx_HAL_Driver/Src/stm32f0xx_hal_pcd.o
                0x08003666                HAL_PCD_EP_Close
 .text.HAL_PCD_EP_Receive
                0x08003708       0x6e ./Drivers/STM32F0xx_HAL_Driver/Src/stm32f0xx_hal_pcd.o
                0x08003708                HAL_PCD_EP_Receive
 .text.HAL_PCD_EP_Transmit
                0x08003776       0x78 ./Drivers/STM32F0xx_HAL_Driver/Src/stm32f0xx_hal_pcd.o
                0x08003776                HAL_PCD_EP_Transmit
 .text.HAL_PCD_EP_SetStall
                0x080037ee       0xb8 ./Drivers/STM32F0xx_HAL_Driver/Src/stm32f0xx_hal_pcd.o
                0x080037ee                HAL_PCD_EP_SetStall
 .text.HAL_PCD_EP_ClrStall
                0x080038a6       0xbc ./Drivers/STM32F0xx_HAL_Driver/Src/stm32f0xx_hal_pcd.o
                0x080038a6                HAL_PCD_EP_ClrStall
 *fill*         0x08003962        0x2 
 .text.PCD_EP_ISR_Handler
                0x08003964      0x808 ./Drivers/STM32F0xx_HAL_Driver/Src/stm32f0xx_hal_pcd.o
 .text.HAL_PCD_EP_DB_Receive
                0x0800416c      0x238 ./Drivers/STM32F0xx_HAL_Driver/Src/stm32f0xx_hal_pcd.o
 .text.HAL_PCD_EP_DB_Transmit
                0x080043a4      0x820 ./Drivers/STM32F0xx_HAL_Driver/Src/stm32f0xx_hal_pcd.o
 .text.HAL_PCDEx_PMAConfig
                0x08004bc4       0x9c ./Drivers/STM32F0xx_HAL_Driver/Src/stm32f0xx_hal_pcd_ex.o
                0x08004bc4                HAL_PCDEx_PMAConfig
 .text.HAL_PCDEx_ActivateLPM
                0x08004c60       0x54 ./Drivers/STM32F0xx_HAL_Driver/Src/stm32f0xx_hal_pcd_ex.o
                0x08004c60                HAL_PCDEx_ActivateLPM
 .text.HAL_PCDEx_LPM_Callback
                0x08004cb4       0x16 ./Drivers/STM32F0xx_HAL_Driver/Src/stm32f0xx_hal_pcd_ex.o
                0x08004cb4                HAL_PCDEx_LPM_Callback
 *fill*         0x08004cca        0x2 
 .text.HAL_PWR_EnterSLEEPMode
                0x08004ccc       0x38 ./Drivers/STM32F0xx_HAL_Driver/Src/stm32f0xx_hal_pwr.o
                0x08004ccc                HAL_PWR_EnterSLEEPMode
 .text.HAL_RCC_OscConfig
                0x08004d04      0x70c ./Drivers/STM32F0xx_HAL_Driver/Src/stm32f0xx_hal_rcc.o
                0x08004d04                HAL_RCC_OscConfig
 .text.HAL_RCC_ClockConfig
                0x08005410      0x1b4 ./Drivers/STM32F0xx_HAL_Driver/Src/stm32f0xx_hal_rcc.o
                0x08005410                HAL_RCC_ClockConfig
 .text.HAL_RCC_GetSysClockFreq
                0x080055c4       0xe4 ./Drivers/STM32F0xx_HAL_Driver/Src/stm32f0xx_hal_rcc.o
                0x080055c4                HAL_RCC_GetSysClockFreq
 .text.HAL_RCCEx_PeriphCLKConfig
                0x080056a8      0x1fc ./Drivers/STM32F0xx_HAL_Driver/Src/stm32f0xx_hal_rcc_ex.o
                0x080056a8                HAL_RCCEx_PeriphCLKConfig
 .text.HAL_TIM_Base_Init
                0x080058a4       0xa0 ./Drivers/STM32F0xx_HAL_Driver/Src/stm32f0xx_hal_tim.o
                0x080058a4                HAL_TIM_Base_Init
 .text.HAL_TIM_Base_Start
                0x08005944       0x94 ./Drivers/STM32F0xx_HAL_Driver/Src/stm32f0xx_hal_tim.o
                0x08005944                HAL_TIM_Base_Start
 .text.HAL_TIM_Base_Stop
                0x080059d8       0x4c ./Drivers/STM32F0xx_HAL_Driver/Src/stm32f0xx_hal_tim.o
                0x080059d8                HAL_TIM_Base_Stop
 .text.HAL_TIM_Base_Start_IT
                0x08005a24       0xa4 ./Drivers/STM32F0xx_HAL_Driver/Src/stm32f0xx_hal_tim.o
                0x08005a24                HAL_TIM_Base_Start_IT
 .text.HAL_TIM_Base_Stop_IT
                0x08005ac8       0x5c ./Drivers/STM32F0xx_HAL_Driver/Src/stm32f0xx_hal_tim.o
                0x08005ac8                HAL_TIM_Base_Stop_IT
 .text.HAL_TIM_PWM_Init
                0x08005b24       0xa0 ./Drivers/STM32F0xx_HAL_Driver/Src/stm32f0xx_hal_tim.o
                0x08005b24                HAL_TIM_PWM_Init
 .text.HAL_TIM_PWM_MspInit
                0x08005bc4       0x10 ./Drivers/STM32F0xx_HAL_Driver/Src/stm32f0xx_hal_tim.o
                0x08005bc4                HAL_TIM_PWM_MspInit
 .text.HAL_TIM_PWM_Start
                0x08005bd4      0x170 ./Drivers/STM32F0xx_HAL_Driver/Src/stm32f0xx_hal_tim.o
                0x08005bd4                HAL_TIM_PWM_Start
 .text.HAL_TIM_PWM_Stop
                0x08005d44       0xf8 ./Drivers/STM32F0xx_HAL_Driver/Src/stm32f0xx_hal_tim.o
                0x08005d44                HAL_TIM_PWM_Stop
 .text.HAL_TIM_PWM_Start_DMA
                0x08005e3c      0x36c ./Drivers/STM32F0xx_HAL_Driver/Src/stm32f0xx_hal_tim.o
                0x08005e3c                HAL_TIM_PWM_Start_DMA
 .text.HAL_TIM_PWM_Stop_DMA
                0x080061a8      0x1c0 ./Drivers/STM32F0xx_HAL_Driver/Src/stm32f0xx_hal_tim.o
                0x080061a8                HAL_TIM_PWM_Stop_DMA
 .text.HAL_TIM_IRQHandler
                0x08006368      0x1dc ./Drivers/STM32F0xx_HAL_Driver/Src/stm32f0xx_hal_tim.o
                0x08006368                HAL_TIM_IRQHandler
 .text.HAL_TIM_PWM_ConfigChannel
                0x08006544      0x18c ./Drivers/STM32F0xx_HAL_Driver/Src/stm32f0xx_hal_tim.o
                0x08006544                HAL_TIM_PWM_ConfigChannel
 .text.HAL_TIM_ConfigClockSource
                0x080066d0      0x1a8 ./Drivers/STM32F0xx_HAL_Driver/Src/stm32f0xx_hal_tim.o
                0x080066d0                HAL_TIM_ConfigClockSource
 .text.HAL_TIM_PeriodElapsedCallback
                0x08006878       0x10 ./Drivers/STM32F0xx_HAL_Driver/Src/stm32f0xx_hal_tim.o
                0x08006878                HAL_TIM_PeriodElapsedCallback
 .text.HAL_TIM_OC_DelayElapsedCallback
                0x08006888       0x10 ./Drivers/STM32F0xx_HAL_Driver/Src/stm32f0xx_hal_tim.o
                0x08006888                HAL_TIM_OC_DelayElapsedCallback
 .text.HAL_TIM_IC_CaptureCallback
                0x08006898       0x10 ./Drivers/STM32F0xx_HAL_Driver/Src/stm32f0xx_hal_tim.o
                0x08006898                HAL_TIM_IC_CaptureCallback
 .text.HAL_TIM_PWM_PulseFinishedCallback
                0x080068a8       0x10 ./Drivers/STM32F0xx_HAL_Driver/Src/stm32f0xx_hal_tim.o
                0x080068a8                HAL_TIM_PWM_PulseFinishedCallback
 .text.HAL_TIM_PWM_PulseFinishedHalfCpltCallback
                0x080068b8       0x10 ./Drivers/STM32F0xx_HAL_Driver/Src/stm32f0xx_hal_tim.o
                0x080068b8                HAL_TIM_PWM_PulseFinishedHalfCpltCallback
 .text.HAL_TIM_TriggerCallback
                0x080068c8       0x10 ./Drivers/STM32F0xx_HAL_Driver/Src/stm32f0xx_hal_tim.o
                0x080068c8                HAL_TIM_TriggerCallback
 .text.HAL_TIM_ErrorCallback
                0x080068d8       0x10 ./Drivers/STM32F0xx_HAL_Driver/Src/stm32f0xx_hal_tim.o
                0x080068d8                HAL_TIM_ErrorCallback
 .text.TIM_DMAError
                0x080068e8       0x94 ./Drivers/STM32F0xx_HAL_Driver/Src/stm32f0xx_hal_tim.o
                0x080068e8                TIM_DMAError
 .text.TIM_DMADelayPulseCplt
                0x0800697c       0xaa ./Drivers/STM32F0xx_HAL_Driver/Src/stm32f0xx_hal_tim.o
 .text.TIM_DMADelayPulseHalfCplt
                0x08006a26       0x6a ./Drivers/STM32F0xx_HAL_Driver/Src/stm32f0xx_hal_tim.o
                0x08006a26                TIM_DMADelayPulseHalfCplt
 .text.TIM_Base_SetConfig
                0x08006a90      0x11c ./Drivers/STM32F0xx_HAL_Driver/Src/stm32f0xx_hal_tim.o
                0x08006a90                TIM_Base_SetConfig
 .text.TIM_OC1_SetConfig
                0x08006bac      0x110 ./Drivers/STM32F0xx_HAL_Driver/Src/stm32f0xx_hal_tim.o
 .text.TIM_OC2_SetConfig
                0x08006cbc      0x108 ./Drivers/STM32F0xx_HAL_Driver/Src/stm32f0xx_hal_tim.o
                0x08006cbc                TIM_OC2_SetConfig
 .text.TIM_OC3_SetConfig
                0x08006dc4      0x10c ./Drivers/STM32F0xx_HAL_Driver/Src/stm32f0xx_hal_tim.o
 .text.TIM_OC4_SetConfig
                0x08006ed0       0xd4 ./Drivers/STM32F0xx_HAL_Driver/Src/stm32f0xx_hal_tim.o
 .text.TIM_TI1_ConfigInputStage
                0x08006fa4       0x5c ./Drivers/STM32F0xx_HAL_Driver/Src/stm32f0xx_hal_tim.o
 .text.TIM_TI2_ConfigInputStage
                0x08007000       0x64 ./Drivers/STM32F0xx_HAL_Driver/Src/stm32f0xx_hal_tim.o
 .text.TIM_ITRx_SetConfig
                0x08007064       0x32 ./Drivers/STM32F0xx_HAL_Driver/Src/stm32f0xx_hal_tim.o
 *fill*         0x08007096        0x2 
 .text.TIM_ETR_SetConfig
                0x08007098       0x40 ./Drivers/STM32F0xx_HAL_Driver/Src/stm32f0xx_hal_tim.o
                0x08007098                TIM_ETR_SetConfig
 .text.TIM_CCxChannelCmd
                0x080070d8       0x46 ./Drivers/STM32F0xx_HAL_Driver/Src/stm32f0xx_hal_tim.o
                0x080070d8                TIM_CCxChannelCmd
 *fill*         0x0800711e        0x2 
 .text.HAL_TIMEx_MasterConfigSynchronization
                0x08007120       0xbc ./Drivers/STM32F0xx_HAL_Driver/Src/stm32f0xx_hal_tim_ex.o
                0x08007120                HAL_TIMEx_MasterConfigSynchronization
 .text.HAL_TIMEx_ConfigBreakDeadTime
                0x080071dc       0xbc ./Drivers/STM32F0xx_HAL_Driver/Src/stm32f0xx_hal_tim_ex.o
                0x080071dc                HAL_TIMEx_ConfigBreakDeadTime
 .text.HAL_TIMEx_CommutCallback
                0x08007298       0x10 ./Drivers/STM32F0xx_HAL_Driver/Src/stm32f0xx_hal_tim_ex.o
                0x08007298                HAL_TIMEx_CommutCallback
 .text.HAL_TIMEx_BreakCallback
                0x080072a8       0x10 ./Drivers/STM32F0xx_HAL_Driver/Src/stm32f0xx_hal_tim_ex.o
                0x080072a8                HAL_TIMEx_BreakCallback
 .text.USB_EnableGlobalInt
                0x080072b8       0x2c ./Drivers/STM32F0xx_HAL_Driver/Src/stm32f0xx_ll_usb.o
                0x080072b8                USB_EnableGlobalInt
 .text.USB_DisableGlobalInt
                0x080072e4       0x34 ./Drivers/STM32F0xx_HAL_Driver/Src/stm32f0xx_ll_usb.o
                0x080072e4                USB_DisableGlobalInt
 .text.USB_DevInit
                0x08007318       0x38 ./Drivers/STM32F0xx_HAL_Driver/Src/stm32f0xx_ll_usb.o
                0x08007318                USB_DevInit
 .text.USB_ActivateEndpoint
                0x08007350      0x750 ./Drivers/STM32F0xx_HAL_Driver/Src/stm32f0xx_ll_usb.o
                0x08007350                USB_ActivateEndpoint
 .text.USB_DeactivateEndpoint
                0x08007aa0      0x380 ./Drivers/STM32F0xx_HAL_Driver/Src/stm32f0xx_ll_usb.o
                0x08007aa0                USB_DeactivateEndpoint
 .text.USB_EPStartXfer
                0x08007e20     0x1260 ./Drivers/STM32F0xx_HAL_Driver/Src/stm32f0xx_ll_usb.o
                0x08007e20                USB_EPStartXfer
 .text.USB_EPSetStall
                0x08009080       0xa0 ./Drivers/STM32F0xx_HAL_Driver/Src/stm32f0xx_ll_usb.o
                0x08009080                USB_EPSetStall
 .text.USB_EPClearStall
                0x08009120      0x164 ./Drivers/STM32F0xx_HAL_Driver/Src/stm32f0xx_ll_usb.o
                0x08009120                USB_EPClearStall
 .text.USB_SetDevAddress
                0x08009284       0x28 ./Drivers/STM32F0xx_HAL_Driver/Src/stm32f0xx_ll_usb.o
                0x08009284                USB_SetDevAddress
 .text.USB_DevConnect
                0x080092ac       0x2c ./Drivers/STM32F0xx_HAL_Driver/Src/stm32f0xx_ll_usb.o
                0x080092ac                USB_DevConnect
 .text.USB_ReadInterrupts
                0x080092d8       0x1c ./Drivers/STM32F0xx_HAL_Driver/Src/stm32f0xx_ll_usb.o
                0x080092d8                USB_ReadInterrupts
 .text.USB_WritePMA
                0x080092f4       0x94 ./Drivers/STM32F0xx_HAL_Driver/Src/stm32f0xx_ll_usb.o
                0x080092f4                USB_WritePMA
 .text.USB_ReadPMA
                0x08009388       0x9e ./Drivers/STM32F0xx_HAL_Driver/Src/stm32f0xx_ll_usb.o
                0x08009388                USB_ReadPMA
 .text.USBD_Init
                0x08009426       0x62 ./Middlewares/ST/STM32_USB_Device_Library/Core/Src/usbd_core.o
                0x08009426                USBD_Init
 .text.USBD_RegisterClass
                0x08009488       0x40 ./Middlewares/ST/STM32_USB_Device_Library/Core/Src/usbd_core.o
                0x08009488                USBD_RegisterClass
 .text.USBD_Start
                0x080094c8       0x1a ./Middlewares/ST/STM32_USB_Device_Library/Core/Src/usbd_core.o
                0x080094c8                USBD_Start
 .text.USBD_RunTestMode
                0x080094e2       0x12 ./Middlewares/ST/STM32_USB_Device_Library/Core/Src/usbd_core.o
                0x080094e2                USBD_RunTestMode
 .text.USBD_SetClassConfig
                0x080094f4       0x4e ./Middlewares/ST/STM32_USB_Device_Library/Core/Src/usbd_core.o
                0x080094f4                USBD_SetClassConfig
 .text.USBD_ClrClassConfig
                0x08009542       0x2c ./Middlewares/ST/STM32_USB_Device_Library/Core/Src/usbd_core.o
                0x08009542                USBD_ClrClassConfig
 *fill*         0x0800956e        0x2 
 .text.USBD_LL_SetupStage
                0x08009570       0xbc ./Middlewares/ST/STM32_USB_Device_Library/Core/Src/usbd_core.o
                0x08009570                USBD_LL_SetupStage
 .text.USBD_LL_DataOutStage
                0x0800962c      0x104 ./Middlewares/ST/STM32_USB_Device_Library/Core/Src/usbd_core.o
                0x0800962c                USBD_LL_DataOutStage
 .text.USBD_LL_DataInStage
                0x08009730      0x17a ./Middlewares/ST/STM32_USB_Device_Library/Core/Src/usbd_core.o
                0x08009730                USBD_LL_DataInStage
 .text.USBD_LL_Reset
                0x080098aa       0x90 ./Middlewares/ST/STM32_USB_Device_Library/Core/Src/usbd_core.o
                0x080098aa                USBD_LL_Reset
 .text.USBD_LL_SetSpeed
                0x0800993a       0x20 ./Middlewares/ST/STM32_USB_Device_Library/Core/Src/usbd_core.o
                0x0800993a                USBD_LL_SetSpeed
 *fill*         0x0800995a        0x2 
 .text.USBD_LL_Suspend
                0x0800995c       0x30 ./Middlewares/ST/STM32_USB_Device_Library/Core/Src/usbd_core.o
                0x0800995c                USBD_LL_Suspend
 .text.USBD_LL_Resume
                0x0800998c       0x30 ./Middlewares/ST/STM32_USB_Device_Library/Core/Src/usbd_core.o
                0x0800998c                USBD_LL_Resume
 .text.USBD_LL_SOF
                0x080099bc       0x3c ./Middlewares/ST/STM32_USB_Device_Library/Core/Src/usbd_core.o
                0x080099bc                USBD_LL_SOF
 .text.USBD_StdDevReq
                0x080099f8       0xe4 ./Middlewares/ST/STM32_USB_Device_Library/Core/Src/usbd_ctlreq.o
                0x080099f8                USBD_StdDevReq
 .text.USBD_StdItfReq
                0x08009adc       0xae ./Middlewares/ST/STM32_USB_Device_Library/Core/Src/usbd_ctlreq.o
                0x08009adc                USBD_StdItfReq
 .text.USBD_StdEPReq
                0x08009b8a      0x36c ./Middlewares/ST/STM32_USB_Device_Library/Core/Src/usbd_ctlreq.o
                0x08009b8a                USBD_StdEPReq
 *fill*         0x08009ef6        0x2 
 .text.USBD_GetDescriptor
                0x08009ef8      0x364 ./Middlewares/ST/STM32_USB_Device_Library/Core/Src/usbd_ctlreq.o
 .text.USBD_SetAddress
                0x0800a25c       0xa8 ./Middlewares/ST/STM32_USB_Device_Library/Core/Src/usbd_ctlreq.o
 .text.USBD_SetConfig
                0x0800a304      0x148 ./Middlewares/ST/STM32_USB_Device_Library/Core/Src/usbd_ctlreq.o
 .text.USBD_GetConfig
                0x0800a44c       0x76 ./Middlewares/ST/STM32_USB_Device_Library/Core/Src/usbd_ctlreq.o
 .text.USBD_GetStatus
                0x0800a4c2       0x74 ./Middlewares/ST/STM32_USB_Device_Library/Core/Src/usbd_ctlreq.o
 .text.USBD_SetFeature
                0x0800a536       0x2c ./Middlewares/ST/STM32_USB_Device_Library/Core/Src/usbd_ctlreq.o
 .text.USBD_ClrFeature
                0x0800a562       0x4c ./Middlewares/ST/STM32_USB_Device_Library/Core/Src/usbd_ctlreq.o
 .text.USBD_ParseSetupRequest
                0x0800a5ae       0x70 ./Middlewares/ST/STM32_USB_Device_Library/Core/Src/usbd_ctlreq.o
                0x0800a5ae                USBD_ParseSetupRequest
 .text.USBD_CtlError
                0x0800a61e       0x26 ./Middlewares/ST/STM32_USB_Device_Library/Core/Src/usbd_ctlreq.o
                0x0800a61e                USBD_CtlError
 .text.USBD_GetString
                0x0800a644       0x9c ./Middlewares/ST/STM32_USB_Device_Library/Core/Src/usbd_ctlreq.o
                0x0800a644                USBD_GetString
 .text.USBD_GetLen
                0x0800a6e0       0x3a ./Middlewares/ST/STM32_USB_Device_Library/Core/Src/usbd_ctlreq.o
 .text.USBD_CtlSendData
                0x0800a71a       0x40 ./Middlewares/ST/STM32_USB_Device_Library/Core/Src/usbd_ioreq.o
                0x0800a71a                USBD_CtlSendData
 .text.USBD_CtlContinueSendData
                0x0800a75a       0x26 ./Middlewares/ST/STM32_USB_Device_Library/Core/Src/usbd_ioreq.o
                0x0800a75a                USBD_CtlContinueSendData
 .text.USBD_CtlContinueRx
                0x0800a780       0x26 ./Middlewares/ST/STM32_USB_Device_Library/Core/Src/usbd_ioreq.o
                0x0800a780                USBD_CtlContinueRx
 .text.USBD_CtlSendStatus
                0x0800a7a6       0x28 ./Middlewares/ST/STM32_USB_Device_Library/Core/Src/usbd_ioreq.o
                0x0800a7a6                USBD_CtlSendStatus
 .text.USBD_CtlReceiveStatus
                0x0800a7ce       0x28 ./Middlewares/ST/STM32_USB_Device_Library/Core/Src/usbd_ioreq.o
                0x0800a7ce                USBD_CtlReceiveStatus
 *fill*         0x0800a7f6        0x2 
 .text.USBD_MIDI_Init
                0x0800a7f8       0x4c ./Middlewares/USBMIDI/Src/usbd_midi.o
 .text.USBD_MIDI_DeInit
                0x0800a844       0x38 ./Middlewares/USBMIDI/Src/usbd_midi.o
 .text.USBD_MIDI_DataIn
                0x0800a87c       0x18 ./Middlewares/USBMIDI/Src/usbd_midi.o
 .text.USBD_MIDI_DataOut
                0x0800a894       0x64 ./Middlewares/USBMIDI/Src/usbd_midi.o
 .text.USBD_MIDI_GetCfgDesc
                0x0800a8f8       0x1c ./Middlewares/USBMIDI/Src/usbd_midi.o
 .text.USBD_MIDI_RegisterInterface
                0x0800a914       0x36 ./Middlewares/USBMIDI/Src/usbd_midi.o
                0x0800a914                USBD_MIDI_RegisterInterface
 *fill*         0x0800a94a        0x2 
 .text.MX_USB_DEVICE_Init
                0x0800a94c       0x68 ./USB_DEVICE/App/usb_device.o
                0x0800a94c                MX_USB_DEVICE_Init
 .text.USBD_FS_DeviceDescriptor
                0x0800a9b4       0x24 ./USB_DEVICE/App/usbd_desc.o
                0x0800a9b4                USBD_FS_DeviceDescriptor
 .text.USBD_FS_LangIDStrDescriptor
                0x0800a9d8       0x24 ./USB_DEVICE/App/usbd_desc.o
                0x0800a9d8                USBD_FS_LangIDStrDescriptor
 .text.USBD_FS_ProductStrDescriptor
                0x0800a9fc       0x44 ./USB_DEVICE/App/usbd_desc.o
                0x0800a9fc                USBD_FS_ProductStrDescriptor
 .text.USBD_FS_ManufacturerStrDescriptor
                0x0800aa40       0x2c ./USB_DEVICE/App/usbd_desc.o
                0x0800aa40                USBD_FS_ManufacturerStrDescriptor
 .text.USBD_FS_SerialStrDescriptor
                0x0800aa6c       0x28 ./USB_DEVICE/App/usbd_desc.o
                0x0800aa6c                USBD_FS_SerialStrDescriptor
 .text.USBD_FS_ConfigStrDescriptor
                0x0800aa94       0x44 ./USB_DEVICE/App/usbd_desc.o
                0x0800aa94                USBD_FS_ConfigStrDescriptor
 .text.USBD_FS_InterfaceStrDescriptor
                0x0800aad8       0x44 ./USB_DEVICE/App/usbd_desc.o
                0x0800aad8                USBD_FS_InterfaceStrDescriptor
 .text.Get_SerialNum
                0x0800ab1c       0x5c ./USB_DEVICE/App/usbd_desc.o
 .text.IntToUnicode
                0x0800ab78       0x96 ./USB_DEVICE/App/usbd_desc.o
 *fill*         0x0800ac0e        0x2 
 .text.MIDI_DataRx
                0x0800ac10       0x9c ./USB_DEVICE/App/usbd_midi_if.o
 .text.MIDI_DataTx
                0x0800acac       0x18 ./USB_DEVICE/App/usbd_midi_if.o
 .text.HAL_PCD_MspInit
                0x0800acc4       0x50 ./USB_DEVICE/Target/usbd_conf.o
                0x0800acc4                HAL_PCD_MspInit
 .text.HAL_PCD_SetupStageCallback
                0x0800ad14       0x34 ./USB_DEVICE/Target/usbd_conf.o
                0x0800ad14                HAL_PCD_SetupStageCallback
 .text.HAL_PCD_DataOutStageCallback
                0x0800ad48       0x42 ./USB_DEVICE/Target/usbd_conf.o
                0x0800ad48                HAL_PCD_DataOutStageCallback
 .text.HAL_PCD_DataInStageCallback
                0x0800ad8a       0x3c ./USB_DEVICE/Target/usbd_conf.o
                0x0800ad8a                HAL_PCD_DataInStageCallback
 .text.HAL_PCD_SOFCallback
                0x0800adc6       0x1e ./USB_DEVICE/Target/usbd_conf.o
                0x0800adc6                HAL_PCD_SOFCallback
 .text.HAL_PCD_ResetCallback
                0x0800ade4       0x48 ./USB_DEVICE/Target/usbd_conf.o
                0x0800ade4                HAL_PCD_ResetCallback
 .text.HAL_PCD_SuspendCallback
                0x0800ae2c       0x38 ./USB_DEVICE/Target/usbd_conf.o
                0x0800ae2c                HAL_PCD_SuspendCallback
 .text.HAL_PCD_ResumeCallback
                0x0800ae64       0x3c ./USB_DEVICE/Target/usbd_conf.o
                0x0800ae64                HAL_PCD_ResumeCallback
 .text.USBD_LL_Init
                0x0800aea0       0xb4 ./USB_DEVICE/Target/usbd_conf.o
                0x0800aea0                USBD_LL_Init
 .text.USBD_LL_Start
                0x0800af54       0x4a ./USB_DEVICE/Target/usbd_conf.o
                0x0800af54                USBD_LL_Start
 .text.USBD_LL_OpenEP
                0x0800af9e       0x6e ./USB_DEVICE/Target/usbd_conf.o
                0x0800af9e                USBD_LL_OpenEP
 .text.USBD_LL_CloseEP
                0x0800b00c       0x56 ./USB_DEVICE/Target/usbd_conf.o
                0x0800b00c                USBD_LL_CloseEP
 .text.USBD_LL_StallEP
                0x0800b062       0x56 ./USB_DEVICE/Target/usbd_conf.o
                0x0800b062                USBD_LL_StallEP
 .text.USBD_LL_ClearStallEP
                0x0800b0b8       0x56 ./USB_DEVICE/Target/usbd_conf.o
                0x0800b0b8                USBD_LL_ClearStallEP
 .text.USBD_LL_IsStallEP
                0x0800b10e       0x60 ./USB_DEVICE/Target/usbd_conf.o
                0x0800b10e                USBD_LL_IsStallEP
 .text.USBD_LL_SetUSBAddress
                0x0800b16e       0x56 ./USB_DEVICE/Target/usbd_conf.o
                0x0800b16e                USBD_LL_SetUSBAddress
 .text.USBD_LL_Transmit
                0x0800b1c4       0x6e ./USB_DEVICE/Target/usbd_conf.o
                0x0800b1c4                USBD_LL_Transmit
 .text.USBD_LL_PrepareReceive
                0x0800b232       0x6e ./USB_DEVICE/Target/usbd_conf.o
                0x0800b232                USBD_LL_PrepareReceive
 .text.SystemClockConfig_Resume
                0x0800b2a0        0xe ./USB_DEVICE/Target/usbd_conf.o
 .text.USBD_Get_USB_Status
                0x0800b2ae       0x6e ./USB_DEVICE/Target/usbd_conf.o
 .text.memset   0x0800b31c       0x10 /opt/st/stm32cubeide_2.1.1/plugins/com.st.stm32cube.ide.mcu.externaltools.gnu-tools-for-stm32.14.3.rel1.linux64_1.0.100.202602081740/tools/bin/../lib/gcc/arm-none-eabi/14.3.1/../../../../arm-none-eabi/lib/thumb/v6-m/nofp/libc_nano.a(libc_a-memset.o)
                0x0800b31c                memset
 .text.__libc_init_array
                0x0800b32c       0x48 /opt/st/stm32cubeide_2.1.1/plugins/com.st.stm32cube.ide.mcu.externaltools.gnu-tools-for-stm32.14.3.rel1.linux64_1.0.100.202602081740/tools/bin/../lib/gcc/arm-none-eabi/14.3.1/../../../../arm-none-eabi/lib/thumb/v6-m/nofp/libc_nano.a(libc_a-init.o)
                0x0800b32c                __libc_init_array
 .text.memcpy   0x0800b374       0x12 /opt/st/stm32cubeide_2.1.1/plugins/com.st.stm32cube.ide.mcu.externaltools.gnu-tools-for-stm32.14.3.rel1.linux64_1.0.100.202602081740/tools/bin/../lib/gcc/arm-none-eabi/14.3.1/../../../../arm-none-eabi/lib/thumb/v6-m/nofp/libc_nano.a(libc_a-memcpy-stub.o)
                0x0800b374                memcpy
 *(.glue_7)
 .glue_7        0x0800b386        0x0 linker stubs
 *(.glue_7t)
 .glue_7t       0x0800b386        0x0 linker stubs
 *(.eh_frame)
 *fill*         0x0800b386        0x2 
 .eh_frame      0x0800b388        0x0 /opt/st/stm32cubeide_2.1.1/plugins/com.st.stm32cube.ide.mcu.externaltools.gnu-tools-for-stm32.14.3.rel1.linux64_1.0.100.202602081740/tools/bin/../lib/gcc/arm-none-eabi/14.3.1/thumb/v6-m/nofp/crtbegin.o
 *(.init)
 .init          0x0800b388        0x4 /opt/st/stm32cubeide_2.1.1/plugins/com.st.stm32cube.ide.mcu.externaltools.gnu-tools-for-stm32.14.3.rel1.linux64_1.0.100.202602081740/tools/bin/../lib/gcc/arm-none-eabi/14.3.1/thumb/v6-m/nofp/crti.o
                0x0800b388                _init
 .init          0x0800b38c        0x8 /opt/st/stm32cubeide_2.1.1/plugins/com.st.stm32cube.ide.mcu.externaltools.gnu-tools-for-stm32.14.3.rel1.linux64_1.0.100.202602081740/tools/bin/../lib/gcc/arm-none-eabi/14.3.1/thumb/v6-m/nofp/crtn.o
 *(.fini)
 .fini          0x0800b394        0x4 /opt/st/stm32cubeide_2.1.1/plugins/com.st.stm32cube.ide.mcu.externaltools.gnu-tools-for-stm32.14.3.rel1.linux64_1.0.100.202602081740/tools/bin/../lib/gcc/arm-none-eabi/14.3.1/thumb/v6-m/nofp/crti.o
                0x0800b394                _fini
 .fini          0x0800b398        0x8 /opt/st/stm32cubeide_2.1.1/plugins/com.st.stm32cube.ide.mcu.externaltools.gnu-tools-for-stm32.14.3.rel1.linux64_1.0.100.202602081740/tools/bin/../lib/gcc/arm-none-eabi/14.3.1/thumb/v6-m/nofp/crtn.o
                0x0800b3a0                        . = ALIGN (0x4)
                0x0800b3a0                        _etext = .

.vfp11_veneer   0x0800b3a0        0x0
 .vfp11_veneer  0x0800b3a0        0x0 linker stubs

.v4_bx          0x0800b3a0        0x0
 .v4_bx         0x0800b3a0        0x0 linker stubs

.iplt           0x0800b3a0        0x0
 .iplt          0x0800b3a0        0x0 /opt/st/stm32cubeide_2.1.1/plugins/com.st.stm32cube.ide.mcu.externaltools.gnu-tools-for-stm32.14.3.rel1.linux64_1.0.100.202602081740/tools/bin/../lib/gcc/arm-none-eabi/14.3.1/thumb/v6-m/nofp/crtbegin.o

.rodata         0x0800b3a0      0x178
                0x0800b3a0                        . = ALIGN (0x4)
 *(.rodata)
 .rodata        0x0800b3a0       0x33 ./USB_DEVICE/App/usbd_desc.o
 *(.rodata*)
 *fill*         0x0800b3d3        0x1 
 .rodata.LEDTable
                0x0800b3d4       0x54 ./Core/Src/led.o
                0x0800b3d4                LEDTable
 .rodata.LED_Testpattern
                0x0800b428        0x8 ./Core/Src/led.o
                0x0800b428                LED_Testpattern
 .rodata.LED_Scene
                0x0800b430       0x40 ./Core/Src/main.o
                0x0800b430                LED_Scene
 .rodata.PlayTable
                0x0800b470        0x8 ./Core/Src/main.o
                0x0800b470                PlayTable
 .rodata.enc_table
                0x0800b478       0x10 ./Core/Src/stm32f0xx_it.o
                0x0800b478                enc_table
 .rodata.AHBPrescTable
                0x0800b488       0x10 ./Core/Src/system_stm32f0xx.o
                0x0800b488                AHBPrescTable
 .rodata.aPLLMULFactorTable.1
                0x0800b498       0x10 ./Drivers/STM32F0xx_HAL_Driver/Src/stm32f0xx_hal_rcc.o
 .rodata.aPredivFactorTable.0
                0x0800b4a8       0x10 ./Drivers/STM32F0xx_HAL_Driver/Src/stm32f0xx_hal_rcc.o
 .rodata.USBD_StdDevReq
                0x0800b4b8       0x28 ./Middlewares/ST/STM32_USB_Device_Library/Core/Src/usbd_ctlreq.o
 .rodata.USBD_GetDescriptor
                0x0800b4e0       0x38 ./Middlewares/ST/STM32_USB_Device_Library/Core/Src/usbd_ctlreq.o
                0x0800b518                        . = ALIGN (0x4)

.ARM.extab      0x0800b518        0x0
                0x0800b518                        . = ALIGN (0x4)
 *(.ARM.extab* .gnu.linkonce.armextab.*)
                0x0800b518                        . = ALIGN (0x4)

.ARM            0x0800b518        0x0
                0x0800b518                        . = ALIGN (0x4)
                0x0800b518                        __exidx_start = .
 *(.ARM.exidx*)
                0x0800b518                        __exidx_end = .
                0x0800b518                        . = ALIGN (0x4)

.preinit_array  0x0800b518        0x0
                0x0800b518                        . = ALIGN (0x4)
                0x0800b518                        PROVIDE (__preinit_array_start = .)
 *(.preinit_array*)
                0x0800b518                        PROVIDE (__preinit_array_end = .)
                0x0800b518                        . = ALIGN (0x4)

.init_array     0x0800b518        0x4
                0x0800b518                        . = ALIGN (0x4)
                0x0800b518                        PROVIDE (__init_array_start = .)
 *(SORT_BY_NAME(.init_array.*))
 *(.init_array*)
 .init_array    0x0800b518        0x4 /opt/st/stm32cubeide_2.1.1/plugins/com.st.stm32cube.ide.mcu.externaltools.gnu-tools-for-stm32.14.3.rel1.linux64_1.0.100.202602081740/tools/bin/../lib/gcc/arm-none-eabi/14.3.1/thumb/v6-m/nofp/crtbegin.o
                0x0800b51c                        PROVIDE (__init_array_end = .)
                0x0800b51c                        . = ALIGN (0x4)

.fini_array     0x0800b51c        0x4
                0x0800b51c                        . = ALIGN (0x4)
                [!provide]                        PROVIDE (__fini_array_start = .)
 *(SORT_BY_NAME(.fini_array.*))
 *(.fini_array*)
 .fini_array    0x0800b51c        0x4 /opt/st/stm32cubeide_2.1.1/plugins/com.st.stm32cube.ide.mcu.externaltools.gnu-tools-for-stm32.14.3.rel1.linux64_1.0.100.202602081740/tools/bin/../lib/gcc/arm-none-eabi/14.3.1/thumb/v6-m/nofp/crtbegin.o
                [!provide]                        PROVIDE (__fini_array_end = .)
                0x0800b520                        . = ALIGN (0x4)
                0x0800b520                        _sidata = LOADADDR (.data)

.rel.dyn        0x0800b520        0x0
 .rel.iplt      0x0800b520        0x0 /opt/st/stm32cubeide_2.1.1/plugins/com.st.stm32cube.ide.mcu.externaltools.gnu-tools-for-stm32.14.3.rel1.linux64_1.0.100.202602081740/tools/bin/../lib/gcc/arm-none-eabi/14.3.1/thumb/v6-m/nofp/crtbegin.o

.data           0x20000000       0xf0 load address 0x0800b520
                0x20000000                        . = ALIGN (0x4)
                0x20000000                        _sdata = .
 *(.data)
 *(.data*)
 .data.SystemCoreClock
                0x20000000        0x4 ./Core/Src/system_stm32f0xx.o
                0x20000000                SystemCoreClock
 .data.uwTickPrio
                0x20000004        0x4 ./Drivers/STM32F0xx_HAL_Driver/Src/stm32f0xx_hal.o
                0x20000004                uwTickPrio
 .data.uwTickFreq
                0x20000008        0x1 ./Drivers/STM32F0xx_HAL_Driver/Src/stm32f0xx_hal.o
                0x20000008                uwTickFreq
 *fill*         0x20000009        0x3 
 .data.USBD_MIDI
                0x2000000c       0x38 ./Middlewares/USBMIDI/Src/usbd_midi.o
                0x2000000c                USBD_MIDI
 .data.USBD_MIDI_CfgDesc
                0x20000044       0x53 ./Middlewares/USBMIDI/Src/usbd_midi.o
                0x20000044                USBD_MIDI_CfgDesc
 *fill*         0x20000097        0x1 
 .data.FS_Desc  0x20000098       0x1c ./USB_DEVICE/App/usbd_desc.o
                0x20000098                FS_Desc
 .data.USBD_FS_DeviceDesc
                0x200000b4       0x12 ./USB_DEVICE/App/usbd_desc.o
                0x200000b4                USBD_FS_DeviceDesc
 *fill*         0x200000c6        0x2 
 .data.USBD_LangIDDesc
                0x200000c8        0x4 ./USB_DEVICE/App/usbd_desc.o
                0x200000c8                USBD_LangIDDesc
 .data.USBD_StringSerial
                0x200000cc       0x1a ./USB_DEVICE/App/usbd_desc.o
                0x200000cc                USBD_StringSerial
 *fill*         0x200000e6        0x2 
 .data.USBD_Interface_fops_FS
                0x200000e8        0x8 ./USB_DEVICE/App/usbd_midi_if.o
                0x200000e8                USBD_Interface_fops_FS
 *(.RamFunc)
 *(.RamFunc*)
                0x200000f0                        . = ALIGN (0x4)
                0x200000f0                        _edata = .

.igot.plt       0x200000f0        0x0 load address 0x0800b610
 .igot.plt      0x200000f0        0x0 /opt/st/stm32cubeide_2.1.1/plugins/com.st.stm32cube.ide.mcu.externaltools.gnu-tools-for-stm32.14.3.rel1.linux64_1.0.100.202602081740/tools/bin/../lib/gcc/arm-none-eabi/14.3.1/thumb/v6-m/nofp/crtbegin.o
                0x200000f0                        . = ALIGN (0x4)

.bss            0x200000f0      0xd48 load address 0x0800b610
                0x200000f0                        _sbss = .
                0x200000f0                        __bss_start__ = _sbss
 *(.bss)
 .bss           0x200000f0       0x1c /opt/st/stm32cubeide_2.1.1/plugins/com.st.stm32cube.ide.mcu.externaltools.gnu-tools-for-stm32.14.3.rel1.linux64_1.0.100.202602081740/tools/bin/../lib/gcc/arm-none-eabi/14.3.1/thumb/v6-m/nofp/crtbegin.o
 *(.bss*)
 .bss.prev_note
                0x2000010c        0x1 ./Core/Src/EmulateMIDI.o
                0x2000010c                prev_note
 .bss.isPrev_SwPush
                0x2000010d        0x1 ./Core/Src/EmulateMIDI.o
                0x2000010d                isPrev_SwPush
 .bss.isPrev_Scene
                0x2000010e        0x1 ./Core/Src/EmulateMIDI.o
                0x2000010e                isPrev_Scene
 *fill*         0x2000010f        0x1 
 .bss.MIDI_CC_Value
                0x20000110       0x80 ./Core/Src/EmulateMIDI.o
                0x20000110                MIDI_CC_Value
 .bss.midi_rx_que
                0x20000190      0x104 ./Core/Src/EmulateMIDI.o
                0x20000190                midi_rx_que
 .bss.isAnySwitchPushed
                0x20000294        0x1 ./Core/Src/EmulateMIDI.o
                0x20000294                isAnySwitchPushed
 .bss.isAnyEncoderMoved
                0x20000295        0x1 ./Core/Src/EmulateMIDI.o
                0x20000295                isAnyEncoderMoved
 *fill*         0x20000296        0x2 
 .bss.MTX_Stat  0x20000298        0x8 ./Core/Src/EmulateMIDI.o
                0x20000298                MTX_Stat
 .bss.MIDI_TxMessage
                0x200002a0        0x4 ./Core/Src/EmulateMIDI.o
                0x200002a0                MIDI_TxMessage
 .bss.enc_move  0x200002a4        0x1 ./Core/Src/EmulateMIDI.o
                0x200002a4                enc_move
 .bss.LP_Timer  0x200002a5        0x1 ./Core/Src/EmulateMIDI.o
                0x200002a5                LP_Timer
 .bss.LP_Timer_Enable
                0x200002a6        0x1 ./Core/Src/EmulateMIDI.o
                0x200002a6                LP_Timer_Enable
 *fill*         0x200002a7        0x1 
 .bss.LEDColor  0x200002a8        0x8 ./Core/Src/led.o
                0x200002a8                LEDColor
 .bss.LEDPulse  0x200002b0      0x182 ./Core/Src/led.o
                0x200002b0                LEDPulse
 *fill*         0x20000432        0x2 
 .bss.LEDTimer  0x20000434        0x8 ./Core/Src/led.o
                0x20000434                LEDTimer
 .bss.htim1     0x2000043c       0x48 ./Core/Src/main.o
                0x2000043c                htim1
 .bss.htim2     0x20000484       0x48 ./Core/Src/main.o
                0x20000484                htim2
 .bss.htim3     0x200004cc       0x48 ./Core/Src/main.o
                0x200004cc                htim3
 .bss.htim6     0x20000514       0x48 ./Core/Src/main.o
                0x20000514                htim6
 .bss.htim14    0x2000055c       0x48 ./Core/Src/main.o
                0x2000055c                htim14
 .bss.hdma_tim3_ch1_trig
                0x200005a4       0x44 ./Core/Src/main.o
                0x200005a4                hdma_tim3_ch1_trig
 .bss.LrState   0x200005e8        0x1 ./Core/Src/main.o
                0x200005e8                LrState
 .bss.LrScene   0x200005e9        0x1 ./Core/Src/main.o
                0x200005e9                LrScene
 .bss.ENCSW_Line
                0x200005ea        0x1 ./Core/Src/main.o
                0x200005ea                ENCSW_Line
 *fill*         0x200005eb        0x1 
 .bss.Long_Timer_Count
                0x200005ec        0x4 ./Core/Src/main.o
                0x200005ec                Long_Timer_Count
 .bss.Long_Timer_Enable
                0x200005f0        0x1 ./Core/Src/main.o
                0x200005f0                Long_Timer_Enable
 .bss.Long_Timer_flag
                0x200005f1        0x1 ./Core/Src/main.o
                0x200005f1                Long_Timer_flag
 .bss.isRender  0x200005f2        0x1 ./Core/Src/main.o
 .bss.isLEDsendpulse
                0x200005f3        0x1 ./Core/Src/main.o
                0x200005f3                isLEDsendpulse
 .bss.Soft_Timer_Update
                0x200005f4        0x1 ./Core/Src/main.o
                0x200005f4                Soft_Timer_Update
 .bss.isScene_Timeout
                0x200005f5        0x1 ./Core/Src/main.o
                0x200005f5                isScene_Timeout
 .bss.SPEAKER_Timer
                0x200005f6        0x1 ./Core/Src/speaker.o
                0x200005f6                SPEAKER_Timer
 .bss.SPEAKER_Timer_Enable
                0x200005f7        0x1 ./Core/Src/speaker.o
                0x200005f7                SPEAKER_Timer_Enable
 .bss.current_push
                0x200005f8        0x2 ./Core/Src/stm32f0xx_it.o
                0x200005f8                current_push
 .bss.previous_push
                0x200005fa        0x2 ./Core/Src/stm32f0xx_it.o
                0x200005fa                previous_push
 *fill*         0x200005fc        0x4 
 .bss.current_scan
                0x20000600        0x8 ./Core/Src/stm32f0xx_it.o
                0x20000600                current_scan
 .bss.previous_sw
                0x20000608        0x4 ./Core/Src/stm32f0xx_it.o
                0x20000608                previous_sw
 .bss.enc_prev  0x2000060c       0x10 ./Core/Src/stm32f0xx_it.o
                0x2000060c                enc_prev
 .bss.enc_current
                0x2000061c       0x10 ./Core/Src/stm32f0xx_it.o
                0x2000061c                enc_current
 .bss.current_enc
                0x2000062c        0x4 ./Core/Src/stm32f0xx_it.o
                0x2000062c                current_enc
 .bss.previous_enc
                0x20000630        0x4 ./Core/Src/stm32f0xx_it.o
                0x20000630                previous_enc
 .bss.current_move
                0x20000634        0x4 ./Core/Src/stm32f0xx_it.o
                0x20000634                current_move
 .bss.previous_move
                0x20000638        0x4 ./Core/Src/stm32f0xx_it.o
                0x20000638                previous_move
 .bss.scene_timer
                0x2000063c        0x4 ./Core/Src/stm32f0xx_it.o
                0x2000063c                scene_timer
 .bss.dechatter_timer
                0x20000640        0x1 ./Core/Src/stm32f0xx_it.o
                0x20000640                dechatter_timer
 .bss.dechatter_rate
                0x20000641        0x1 ./Core/Src/stm32f0xx_it.o
                0x20000641                dechatter_rate
 .bss.prev_sidesw
                0x20000642        0x2 ./Core/Src/stm32f0xx_it.o
                0x20000642                prev_sidesw
 .bss.current_sidesw
                0x20000644        0x4 ./Core/Src/stm32f0xx_it.o
                0x20000644                current_sidesw
 .bss.prev_sidesw_push
                0x20000648        0x4 ./Core/Src/stm32f0xx_it.o
                0x20000648                prev_sidesw_push
 .bss.uwTick    0x2000064c        0x4 ./Drivers/STM32F0xx_HAL_Driver/Src/stm32f0xx_hal.o
                0x2000064c                uwTick
 .bss.cfgidx.0  0x20000650        0x1 ./Middlewares/ST/STM32_USB_Device_Library/Core/Src/usbd_ctlreq.o
 *fill*         0x20000651        0x3 
 .bss.pInstance
                0x20000654        0x4 ./Middlewares/USBMIDI/Src/usbd_midi.o
                0x20000654                pInstance
 .bss.USB_Rx_Buffer
                0x20000658       0x40 ./Middlewares/USBMIDI/Src/usbd_midi.o
                0x20000658                USB_Rx_Buffer
 .bss.hUsbDeviceFS
                0x20000698      0x2c4 ./USB_DEVICE/App/usb_device.o
                0x20000698                hUsbDeviceFS
 .bss.USBD_StrDesc
                0x2000095c      0x200 ./USB_DEVICE/App/usbd_desc.o
                0x2000095c                USBD_StrDesc
 .bss.hpcd_USB_FS
                0x20000b5c      0x2dc ./USB_DEVICE/Target/usbd_conf.o
                0x20000b5c                hpcd_USB_FS
 *(COMMON)
                0x20000e38                        . = ALIGN (0x4)
                0x20000e38                        _ebss = .
                0x20000e38                        __bss_end__ = _ebss

._user_heap_stack
                0x20000e38      0x600 load address 0x0800b610
                0x20000e38                        . = ALIGN (0x8)
                [!provide]                        PROVIDE (end = .)
                0x20000e38                        PROVIDE (_end = .)
                0x20001038                        . = (. + _Min_Heap_Size)
 *fill*         0x20000e38      0x200 
                0x20001438                        . = (. + _Min_Stack_Size)
 *fill*         0x20001038      0x400 
                0x20001438                        . = ALIGN (0x8)

/DISCARD/
 libc.a(*)
 libm.a(*)
 libgcc.a(*)

.ARM.attributes
                0x00000000       0x28
 *(.ARM.attributes)
 .ARM.attributes
                0x00000000       0x1e /opt/st/stm32cubeide_2.1.1/plugins/com.st.stm32cube.ide.mcu.externaltools.gnu-tools-for-stm32.14.3.rel1.linux64_1.0.100.202602081740/tools/bin/../lib/gcc/arm-none-eabi/14.3.1/thumb/v6-m/nofp/crti.o
 .ARM.attributes
                0x0000001e       0x2c /opt/st/stm32cubeide_2.1.1/plugins/com.st.stm32cube.ide.mcu.externaltools.gnu-tools-for-stm32.14.3.rel1.linux64_1.0.100.202602081740/tools/bin/../lib/gcc/arm-none-eabi/14.3.1/thumb/v6-m/nofp/crtbegin.o
 .ARM.attributes
                0x0000004a       0x2c ./Core/Src/EmulateMIDI.o
 .ARM.attributes
                0x00000076       0x2c ./Core/Src/Jump2System.o
 .ARM.attributes
                0x000000a2       0x2c ./Core/Src/bitcount.o
 .ARM.attributes
                0x000000ce       0x2c ./Core/Src/led.o
 .ARM.attributes
                0x000000fa       0x2c ./Core/Src/main.o
 .ARM.attributes
                0x00000126       0x2c ./Core/Src/queue.o
 .ARM.attributes
                0x00000152       0x2c ./Core/Src/speaker.o
 .ARM.attributes
                0x0000017e       0x2c ./Core/Src/stm32f0xx_hal_msp.o
 .ARM.attributes
                0x000001aa       0x2c ./Core/Src/stm32f0xx_it.o
 .ARM.attributes
                0x000001d6       0x2c ./Core/Src/system_stm32f0xx.o
 .ARM.attributes
                0x00000202       0x21 ./Core/Startup/startup_stm32f072r8tx.o
 .ARM.attributes
                0x00000223       0x2c ./Drivers/STM32F0xx_HAL_Driver/Src/stm32f0xx_hal.o
 .ARM.attributes
                0x0000024f       0x2c ./Drivers/STM32F0xx_HAL_Driver/Src/stm32f0xx_hal_cortex.o
 .ARM.attributes
                0x0000027b       0x2c ./Drivers/STM32F0xx_HAL_Driver/Src/stm32f0xx_hal_dma.o
 .ARM.attributes
                0x000002a7       0x2c ./Drivers/STM32F0xx_HAL_Driver/Src/stm32f0xx_hal_gpio.o
 .ARM.attributes
                0x000002d3       0x2c ./Drivers/STM32F0xx_HAL_Driver/Src/stm32f0xx_hal_pcd.o
 .ARM.attributes
                0x000002ff       0x2c ./Drivers/STM32F0xx_HAL_Driver/Src/stm32f0xx_hal_pcd_ex.o
 .ARM.attributes
                0x0000032b       0x2c ./Drivers/STM32F0xx_HAL_Driver/Src/stm32f0xx_hal_pwr.o
 .ARM.attributes
                0x00000357       0x2c ./Drivers/STM32F0xx_HAL_Driver/Src/stm32f0xx_hal_rcc.o
 .ARM.attributes
                0x00000383       0x2c ./Drivers/STM32F0xx_HAL_Driver/Src/stm32f0xx_hal_rcc_ex.o
 .ARM.attributes
                0x000003af       0x2c ./Drivers/STM32F0xx_HAL_Driver/Src/stm32f0xx_hal_tim.o
 .ARM.attributes
                0x000003db       0x2c ./Drivers/STM32F0xx_HAL_Driver/Src/stm32f0xx_hal_tim_ex.o
 .ARM.attributes
                0x00000407       0x2c ./Drivers/STM32F0xx_HAL_Driver/Src/stm32f0xx_ll_usb.o
 .ARM.attributes
                0x00000433       0x2c ./Middlewares/ST/STM32_USB_Device_Library/Core/Src/usbd_core.o
 .ARM.attributes
                0x0000045f       0x2c ./Middlewares/ST/STM32_USB_Device_Library/Core/Src/usbd_ctlreq.o
 .ARM.attributes
                0x0000048b       0x2c ./Middlewares/ST/STM32_USB_Device_Library/Core/Src/usbd_ioreq.o
 .ARM.attributes
                0x000004b7       0x2c ./Middlewares/USBMIDI/Src/usbd_midi.o
 .ARM.attributes
                0x000004e3       0x2c ./USB_DEVICE/App/usb_device.o
 .ARM.attributes
                0x0000050f       0x2c ./USB_DEVICE/App/usbd_desc.o
 .ARM.attributes
                0x0000053b       0x2c ./USB_DEVICE/App/usbd_midi_if.o
 .ARM.attributes
                0x00000567       0x2c ./USB_DEVICE/Target/usbd_conf.o
 .ARM.attributes
                0x00000593       0x2c /opt/st/stm32cubeide_2.1.1/plugins/com.st.stm32cube.ide.mcu.externaltools.gnu-tools-for-stm32.14.3.rel1.linux64_1.0.100.202602081740/tools/bin/../lib/gcc/arm-none-eabi/14.3.1/../../../../arm-none-eabi/lib/thumb/v6-m/nofp/libc_nano.a(libc_a-memset.o)
 .ARM.attributes
                0x000005bf       0x2c /opt/st/stm32cubeide_2.1.1/plugins/com.st.stm32cube.ide.mcu.externaltools.gnu-tools-for-stm32.14.3.rel1.linux64_1.0.100.202602081740/tools/bin/../lib/gcc/arm-none-eabi/14.3.1/../../../../arm-none-eabi/lib/thumb/v6-m/nofp/libc_nano.a(libc_a-init.o)
 .ARM.attributes
                0x000005eb       0x2c /opt/st/stm32cubeide_2.1.1/plugins/com.st.stm32cube.ide.mcu.externaltools.gnu-tools-for-stm32.14.3.rel1.linux64_1.0.100.202602081740/tools/bin/../lib/gcc/arm-none-eabi/14.3.1/../../../../arm-none-eabi/lib/thumb/v6-m/nofp/libc_nano.a(libc_a-memcpy-stub.o)
 .ARM.attributes
                0x00000617       0x1e /opt/st/stm32cubeide_2.1.1/plugins/com.st.stm32cube.ide.mcu.externaltools.gnu-tools-for-stm32.14.3.rel1.linux64_1.0.100.202602081740/tools/bin/../lib/gcc/arm-none-eabi/14.3.1/thumb/v6-m/nofp/libgcc.a(_udivsi3.o)
 .ARM.attributes
                0x00000635       0x1e /opt/st/stm32cubeide_2.1.1/plugins/com.st.stm32cube.ide.mcu.externaltools.gnu-tools-for-stm32.14.3.rel1.linux64_1.0.100.202602081740/tools/bin/../lib/gcc/arm-none-eabi/14.3.1/thumb/v6-m/nofp/libgcc.a(_dvmd_tls.o)
 .ARM.attributes
                0x00000653       0x1e /opt/st/stm32cubeide_2.1.1/plugins/com.st.stm32cube.ide.mcu.externaltools.gnu-tools-for-stm32.14.3.rel1.linux64_1.0.100.202602081740/tools/bin/../lib/gcc/arm-none-eabi/14.3.1/thumb/v6-m/nofp/crtn.o
OUTPUT(LrT16.elf elf32-littlearm)
LOAD linker stubs
LOAD /opt/st/stm32cubeide_2.1.1/plugins/com.st.stm32cube.ide.mcu.externaltools.gnu-tools-for-stm32.14.3.rel1.linux64_1.0.100.202602081740/tools/bin/../lib/gcc/arm-none-eabi/14.3.1/../../../../arm-none-eabi/lib/thumb/v6-m/nofp/libc.a
LOAD /opt/st/stm32cubeide_2.1.1/plugins/com.st.stm32cube.ide.mcu.externaltools.gnu-tools-for-stm32.14.3.rel1.linux64_1.0.100.202602081740/tools/bin/../lib/gcc/arm-none-eabi/14.3.1/../../../../arm-none-eabi/lib/thumb/v6-m/nofp/libm.a
LOAD /opt/st/stm32cubeide_2.1.1/plugins/com.st.stm32cube.ide.mcu.externaltools.gnu-tools-for-stm32.14.3.rel1.linux64_1.0.100.202602081740/tools/bin/../lib/gcc/arm-none-eabi/14.3.1/thumb/v6-m/nofp/libgcc.a

.debug_info     0x00000000    0x14a72
 .debug_info    0x00000000      0xe40 ./Core/Src/EmulateMIDI.o
 .debug_info    0x00000e40      0x636 ./Core/Src/Jump2System.o
 .debug_info    0x00001476      0x1b7 ./Core/Src/bitcount.o
 .debug_info    0x0000162d      0xafd ./Core/Src/led.o
 .debug_info    0x0000212a     0x15c8 ./Core/Src/main.o
 .debug_info    0x000036f2      0x1cd ./Core/Src/queue.o
 .debug_info    0x000038bf      0x6ed ./Core/Src/speaker.o
 .debug_info    0x00003fac      0xb78 ./Core/Src/stm32f0xx_hal_msp.o
 .debug_info    0x00004b24     0x1363 ./Core/Src/stm32f0xx_it.o
 .debug_info    0x00005e87      0x242 ./Core/Src/system_stm32f0xx.o
 .debug_info    0x000060c9       0x30 ./Core/Startup/startup_stm32f072r8tx.o
 .debug_info    0x000060f9      0x6c9 ./Drivers/STM32F0xx_HAL_Driver/Src/stm32f0xx_hal.o
 .debug_info    0x000067c2      0x6c5 ./Drivers/STM32F0xx_HAL_Driver/Src/stm32f0xx_hal_cortex.o
 .debug_info    0x00006e87      0x6ea ./Drivers/STM32F0xx_HAL_Driver/Src/stm32f0xx_hal_dma.o
 .debug_info    0x00007571      0x5a6 ./Drivers/STM32F0xx_HAL_Driver/Src/stm32f0xx_hal_gpio.o
 .debug_info    0x00007b17     0x161d ./Drivers/STM32F0xx_HAL_Driver/Src/stm32f0xx_hal_pcd.o
 .debug_info    0x00009134      0x80a ./Drivers/STM32F0xx_HAL_Driver/Src/stm32f0xx_hal_pcd_ex.o
 .debug_info    0x0000993e      0x3a8 ./Drivers/STM32F0xx_HAL_Driver/Src/stm32f0xx_hal_pwr.o
 .debug_info    0x00009ce6      0x83f ./Drivers/STM32F0xx_HAL_Driver/Src/stm32f0xx_hal_rcc.o
 .debug_info    0x0000a525      0x61c ./Drivers/STM32F0xx_HAL_Driver/Src/stm32f0xx_hal_rcc_ex.o
 .debug_info    0x0000ab41     0x2950 ./Drivers/STM32F0xx_HAL_Driver/Src/stm32f0xx_hal_tim.o
 .debug_info    0x0000d491     0x1492 ./Drivers/STM32F0xx_HAL_Driver/Src/stm32f0xx_hal_tim_ex.o
 .debug_info    0x0000e923     0x166d ./Drivers/STM32F0xx_HAL_Driver/Src/stm32f0xx_ll_usb.o
 .debug_info    0x0000ff90      0xa52 ./Middlewares/ST/STM32_USB_Device_Library/Core/Src/usbd_core.o
 .debug_info    0x000109e2      0x91c ./Middlewares/ST/STM32_USB_Device_Library/Core/Src/usbd_ctlreq.o
 .debug_info    0x000112fe      0x6a0 ./Middlewares/ST/STM32_USB_Device_Library/Core/Src/usbd_ioreq.o
 .debug_info    0x0001199e      0xc0c ./Middlewares/USBMIDI/Src/usbd_midi.o
 .debug_info    0x000125aa      0x5de ./USB_DEVICE/App/usb_device.o
 .debug_info    0x00012b88      0x44b ./USB_DEVICE/App/usbd_desc.o
 .debug_info    0x00012fd3      0x316 ./USB_DEVICE/App/usbd_midi_if.o
 .debug_info    0x000132e9     0x1789 ./USB_DEVICE/Target/usbd_conf.o

.debug_abbrev   0x00000000     0x3fbd
 .debug_abbrev  0x00000000      0x2d8 ./Core/Src/EmulateMIDI.o
 .debug_abbrev  0x000002d8      0x123 ./Core/Src/Jump2System.o
 .debug_abbrev  0x000003fb       0xca ./Core/Src/bitcount.o
 .debug_abbrev  0x000004c5      0x2ad ./Core/Src/led.o
 .debug_abbrev  0x00000772      0x397 ./Core/Src/main.o
 .debug_abbrev  0x00000b09      0x12e ./Core/Src/queue.o
 .debug_abbrev  0x00000c37      0x1a7 ./Core/Src/speaker.o
 .debug_abbrev  0x00000dde      0x213 ./Core/Src/stm32f0xx_hal_msp.o
 .debug_abbrev  0x00000ff1      0x336 ./Core/Src/stm32f0xx_it.o
 .debug_abbrev  0x00001327      0x11c ./Core/Src/system_stm32f0xx.o
 .debug_abbrev  0x00001443       0x24 ./Core/Startup/startup_stm32f072r8tx.o
 .debug_abbrev  0x00001467      0x213 ./Drivers/STM32F0xx_HAL_Driver/Src/stm32f0xx_hal.o
 .debug_abbrev  0x0000167a      0x28c ./Drivers/STM32F0xx_HAL_Driver/Src/stm32f0xx_hal_cortex.o
 .debug_abbrev  0x00001906      0x224 ./Drivers/STM32F0xx_HAL_Driver/Src/stm32f0xx_hal_dma.o
 .debug_abbrev  0x00001b2a      0x1cb ./Drivers/STM32F0xx_HAL_Driver/Src/stm32f0xx_hal_gpio.o
 .debug_abbrev  0x00001cf5      0x2b9 ./Drivers/STM32F0xx_HAL_Driver/Src/stm32f0xx_hal_pcd.o
 .debug_abbrev  0x00001fae      0x228 ./Drivers/STM32F0xx_HAL_Driver/Src/stm32f0xx_hal_pcd_ex.o
 .debug_abbrev  0x000021d6      0x142 ./Drivers/STM32F0xx_HAL_Driver/Src/stm32f0xx_hal_pwr.o
 .debug_abbrev  0x00002318      0x28c ./Drivers/STM32F0xx_HAL_Driver/Src/stm32f0xx_hal_rcc.o
 .debug_abbrev  0x000025a4      0x1a6 ./Drivers/STM32F0xx_HAL_Driver/Src/stm32f0xx_hal_rcc_ex.o
 .debug_abbrev  0x0000274a      0x278 ./Drivers/STM32F0xx_HAL_Driver/Src/stm32f0xx_hal_tim.o
 .debug_abbrev  0x000029c2      0x283 ./Drivers/STM32F0xx_HAL_Driver/Src/stm32f0xx_hal_tim_ex.o
 .debug_abbrev  0x00002c45      0x247 ./Drivers/STM32F0xx_HAL_Driver/Src/stm32f0xx_ll_usb.o
 .debug_abbrev  0x00002e8c      0x24a ./Middlewares/ST/STM32_USB_Device_Library/Core/Src/usbd_core.o
 .debug_abbrev  0x000030d6      0x26b ./Middlewares/ST/STM32_USB_Device_Library/Core/Src/usbd_ctlreq.o
 .debug_abbrev  0x00003341      0x192 ./Middlewares/ST/STM32_USB_Device_Library/Core/Src/usbd_ioreq.o
 .debug_abbrev  0x000034d3      0x26b ./Middlewares/USBMIDI/Src/usbd_midi.o
 .debug_abbrev  0x0000373e      0x184 ./USB_DEVICE/App/usb_device.o
 .debug_abbrev  0x000038c2      0x1e2 ./USB_DEVICE/App/usbd_desc.o
 .debug_abbrev  0x00003aa4      0x1c1 ./USB_DEVICE/App/usbd_midi_if.o
 .debug_abbrev  0x00003c65      0x358 ./USB_DEVICE/Target/usbd_conf.o

.debug_aranges  0x00000000     0x11e0
 .debug_aranges
                0x00000000       0x38 ./Core/Src/EmulateMIDI.o
 .debug_aranges
                0x00000038       0x20 ./Core/Src/Jump2System.o
 .debug_aranges
                0x00000058       0x40 ./Core/Src/bitcount.o
 .debug_aranges
                0x00000098       0x58 ./Core/Src/led.o
 .debug_aranges
                0x000000f0       0x88 ./Core/Src/main.o
 .debug_aranges
                0x00000178       0x38 ./Core/Src/queue.o
 .debug_aranges
                0x000001b0       0x30 ./Core/Src/speaker.o
 .debug_aranges
                0x000001e0       0x38 ./Core/Src/stm32f0xx_hal_msp.o
 .debug_aranges
                0x00000218       0x70 ./Core/Src/stm32f0xx_it.o
 .debug_aranges
                0x00000288       0x28 ./Core/Src/system_stm32f0xx.o
 .debug_aranges
                0x000002b0       0x28 ./Core/Startup/startup_stm32f072r8tx.o
 .debug_aranges
                0x000002d8       0xd0 ./Drivers/STM32F0xx_HAL_Driver/Src/stm32f0xx_hal.o
 .debug_aranges
                0x000003a8       0xc0 ./Drivers/STM32F0xx_HAL_Driver/Src/stm32f0xx_hal_cortex.o
 .debug_aranges
                0x00000468       0x88 ./Drivers/STM32F0xx_HAL_Driver/Src/stm32f0xx_hal_dma.o
 .debug_aranges
                0x000004f0       0x58 ./Drivers/STM32F0xx_HAL_Driver/Src/stm32f0xx_hal_gpio.o
 .debug_aranges
                0x00000548      0x138 ./Drivers/STM32F0xx_HAL_Driver/Src/stm32f0xx_hal_pcd.o
 .debug_aranges
                0x00000680       0x58 ./Drivers/STM32F0xx_HAL_Driver/Src/stm32f0xx_hal_pcd_ex.o
 .debug_aranges
                0x000006d8       0x78 ./Drivers/STM32F0xx_HAL_Driver/Src/stm32f0xx_hal_pwr.o
 .debug_aranges
                0x00000750       0x80 ./Drivers/STM32F0xx_HAL_Driver/Src/stm32f0xx_hal_rcc.o
 .debug_aranges
                0x000007d0       0x78 ./Drivers/STM32F0xx_HAL_Driver/Src/stm32f0xx_hal_rcc_ex.o
 .debug_aranges
                0x00000848      0x3d0 ./Drivers/STM32F0xx_HAL_Driver/Src/stm32f0xx_hal_tim.o
 .debug_aranges
                0x00000c18      0x168 ./Drivers/STM32F0xx_HAL_Driver/Src/stm32f0xx_hal_tim_ex.o
 .debug_aranges
                0x00000d80       0xc8 ./Drivers/STM32F0xx_HAL_Driver/Src/stm32f0xx_ll_usb.o
 .debug_aranges
                0x00000e48       0xb8 ./Middlewares/ST/STM32_USB_Device_Library/Core/Src/usbd_core.o
 .debug_aranges
                0x00000f00       0x88 ./Middlewares/ST/STM32_USB_Device_Library/Core/Src/usbd_ctlreq.o
 .debug_aranges
                0x00000f88       0x50 ./Middlewares/ST/STM32_USB_Device_Library/Core/Src/usbd_ioreq.o
 .debug_aranges
                0x00000fd8       0x48 ./Middlewares/USBMIDI/Src/usbd_midi.o
 .debug_aranges
                0x00001020       0x20 ./USB_DEVICE/App/usb_device.o
 .debug_aranges
                0x00001040       0x60 ./USB_DEVICE/App/usbd_desc.o
 .debug_aranges
                0x000010a0       0x28 ./USB_DEVICE/App/usbd_midi_if.o
 .debug_aranges
                0x000010c8      0x118 ./USB_DEVICE/Target/usbd_conf.o

.debug_rnglists
                0x00000000      0xd7c
 .debug_rnglists
                0x00000000       0x26 ./Core/Src/EmulateMIDI.o
 .debug_rnglists
                0x00000026       0x14 ./Core/Src/Jump2System.o
 .debug_rnglists
                0x0000003a       0x2c ./Core/Src/bitcount.o
 .debug_rnglists
                0x00000066       0x40 ./Core/Src/led.o
 .debug_rnglists
                0x000000a6       0x68 ./Core/Src/main.o
 .debug_rnglists
                0x0000010e       0x26 ./Core/Src/queue.o
 .debug_rnglists
                0x00000134       0x1f ./Core/Src/speaker.o
 .debug_rnglists
                0x00000153       0x28 ./Core/Src/stm32f0xx_hal_msp.o
 .debug_rnglists
                0x0000017b       0x51 ./Core/Src/stm32f0xx_it.o
 .debug_rnglists
                0x000001cc       0x1a ./Core/Src/system_stm32f0xx.o
 .debug_rnglists
                0x000001e6       0x19 ./Core/Startup/startup_stm32f072r8tx.o
 .debug_rnglists
                0x000001ff       0x97 ./Drivers/STM32F0xx_HAL_Driver/Src/stm32f0xx_hal.o
 .debug_rnglists
                0x00000296       0x8c ./Drivers/STM32F0xx_HAL_Driver/Src/stm32f0xx_hal_cortex.o
 .debug_rnglists
                0x00000322       0x6a ./Drivers/STM32F0xx_HAL_Driver/Src/stm32f0xx_hal_dma.o
 .debug_rnglists
                0x0000038c       0x3f ./Drivers/STM32F0xx_HAL_Driver/Src/stm32f0xx_hal_gpio.o
 .debug_rnglists
                0x000003cb       0xee ./Drivers/STM32F0xx_HAL_Driver/Src/stm32f0xx_hal_pcd.o
 .debug_rnglists
                0x000004b9       0x3f ./Drivers/STM32F0xx_HAL_Driver/Src/stm32f0xx_hal_pcd_ex.o
 .debug_rnglists
                0x000004f8       0x55 ./Drivers/STM32F0xx_HAL_Driver/Src/stm32f0xx_hal_pwr.o
 .debug_rnglists
                0x0000054d       0x61 ./Drivers/STM32F0xx_HAL_Driver/Src/stm32f0xx_hal_rcc.o
 .debug_rnglists
                0x000005ae       0x5b ./Drivers/STM32F0xx_HAL_Driver/Src/stm32f0xx_hal_rcc_ex.o
 .debug_rnglists
                0x00000609      0x31c ./Drivers/STM32F0xx_HAL_Driver/Src/stm32f0xx_hal_tim.o
 .debug_rnglists
                0x00000925      0x126 ./Drivers/STM32F0xx_HAL_Driver/Src/stm32f0xx_hal_tim_ex.o
 .debug_rnglists
                0x00000a4b       0x99 ./Drivers/STM32F0xx_HAL_Driver/Src/stm32f0xx_ll_usb.o
 .debug_rnglists
                0x00000ae4       0x89 ./Middlewares/ST/STM32_USB_Device_Library/Core/Src/usbd_core.o
 .debug_rnglists
                0x00000b6d       0x68 ./Middlewares/ST/STM32_USB_Device_Library/Core/Src/usbd_ctlreq.o
 .debug_rnglists
                0x00000bd5       0x37 ./Middlewares/ST/STM32_USB_Device_Library/Core/Src/usbd_ioreq.o
 .debug_rnglists
                0x00000c0c       0x31 ./Middlewares/USBMIDI/Src/usbd_midi.o
 .debug_rnglists
                0x00000c3d       0x13 ./USB_DEVICE/App/usb_device.o
 .debug_rnglists
                0x00000c50       0x44 ./USB_DEVICE/App/usbd_desc.o
 .debug_rnglists
                0x00000c94       0x1a ./USB_DEVICE/App/usbd_midi_if.o
 .debug_rnglists
                0x00000cae       0xce ./USB_DEVICE/Target/usbd_conf.o

.debug_macro    0x00000000    0x1db05
 .debug_macro   0x00000000      0x3eb ./Core/Src/EmulateMIDI.o
 .debug_macro   0x000003eb      0xaae ./Core/Src/EmulateMIDI.o
 .debug_macro   0x00000e99      0x133 ./Core/Src/EmulateMIDI.o
 .debug_macro   0x00000fcc       0x2e ./Core/Src/EmulateMIDI.o
 .debug_macro   0x00000ffa       0x22 ./Core/Src/EmulateMIDI.o
 .debug_macro   0x0000101c       0x22 ./Core/Src/EmulateMIDI.o
 .debug_macro   0x0000103e       0x8e ./Core/Src/EmulateMIDI.o
 .debug_macro   0x000010cc       0x51 ./Core/Src/EmulateMIDI.o
 .debug_macro   0x0000111d      0x103 ./Core/Src/EmulateMIDI.o
 .debug_macro   0x00001220       0x6a ./Core/Src/EmulateMIDI.o
 .debug_macro   0x0000128a      0x1df ./Core/Src/EmulateMIDI.o
 .debug_macro   0x00001469       0x1c ./Core/Src/EmulateMIDI.o
 .debug_macro   0x00001485       0x22 ./Core/Src/EmulateMIDI.o
 .debug_macro   0x000014a7       0xaf ./Core/Src/EmulateMIDI.o
 .debug_macro   0x00001556      0x391 ./Core/Src/EmulateMIDI.o
 .debug_macro   0x000018e7     0xfe73 ./Core/Src/EmulateMIDI.o
 .debug_macro   0x0001175a       0x66 ./Core/Src/EmulateMIDI.o
 .debug_macro   0x000117c0     0x34da ./Core/Src/EmulateMIDI.o
 .debug_macro   0x00014c9a      0x190 ./Core/Src/EmulateMIDI.o
 .debug_macro   0x00014e2a       0x55 ./Core/Src/EmulateMIDI.o
 .debug_macro   0x00014e7f      0x946 ./Core/Src/EmulateMIDI.o
 .debug_macro   0x000157c5      0x5f3 ./Core/Src/EmulateMIDI.o
 .debug_macro   0x00015db8      0x1ae ./Core/Src/EmulateMIDI.o
 .debug_macro   0x00015f66      0x1a7 ./Core/Src/EmulateMIDI.o
 .debug_macro   0x0001610d      0x1a7 ./Core/Src/EmulateMIDI.o
 .debug_macro   0x000162b4      0x22c ./Core/Src/EmulateMIDI.o
 .debug_macro   0x000164e0       0x34 ./Core/Src/EmulateMIDI.o
 .debug_macro   0x00016514       0x43 ./Core/Src/EmulateMIDI.o
 .debug_macro   0x00016557       0x28 ./Core/Src/EmulateMIDI.o
 .debug_macro   0x0001657f       0xb0 ./Core/Src/EmulateMIDI.o
 .debug_macro   0x0001662f      0x217 ./Core/Src/EmulateMIDI.o
 .debug_macro   0x00016846      0x22c ./Core/Src/EmulateMIDI.o
 .debug_macro   0x00016a72       0x61 ./Core/Src/EmulateMIDI.o
 .debug_macro   0x00016ad3       0xa5 ./Core/Src/EmulateMIDI.o
 .debug_macro   0x00016b78       0x73 ./Core/Src/EmulateMIDI.o
 .debug_macro   0x00016beb      0x22d ./Core/Src/EmulateMIDI.o
 .debug_macro   0x00016e18       0x4c ./Core/Src/EmulateMIDI.o
 .debug_macro   0x00016e64      0x16d ./Core/Src/EmulateMIDI.o
 .debug_macro   0x00016fd1      0x8f4 ./Core/Src/EmulateMIDI.o
 .debug_macro   0x000178c5       0x28 ./Core/Src/EmulateMIDI.o
 .debug_macro   0x000178ed      0x130 ./Core/Src/EmulateMIDI.o
 .debug_macro   0x00017a1d      0x2f0 ./Core/Src/EmulateMIDI.o
 .debug_macro   0x00017d0d      0x118 ./Core/Src/EmulateMIDI.o
 .debug_macro   0x00017e25       0x22 ./Core/Src/EmulateMIDI.o
 .debug_macro   0x00017e47       0x8c ./Core/Src/EmulateMIDI.o
 .debug_macro   0x00017ed3       0x61 ./Core/Src/EmulateMIDI.o
 .debug_macro   0x00017f34       0x24 ./Core/Src/EmulateMIDI.o
 .debug_macro   0x00017f58       0x43 ./Core/Src/EmulateMIDI.o
 .debug_macro   0x00017f9b       0x34 ./Core/Src/EmulateMIDI.o
 .debug_macro   0x00017fcf       0x16 ./Core/Src/EmulateMIDI.o
 .debug_macro   0x00017fe5       0x3c ./Core/Src/EmulateMIDI.o
 .debug_macro   0x00018021      0x364 ./Core/Src/EmulateMIDI.o
 .debug_macro   0x00018385       0x10 ./Core/Src/EmulateMIDI.o
 .debug_macro   0x00018395       0x16 ./Core/Src/EmulateMIDI.o
 .debug_macro   0x000183ab       0x4a ./Core/Src/EmulateMIDI.o
 .debug_macro   0x000183f5       0x34 ./Core/Src/EmulateMIDI.o
 .debug_macro   0x00018429       0x10 ./Core/Src/EmulateMIDI.o
 .debug_macro   0x00018439       0x58 ./Core/Src/EmulateMIDI.o
 .debug_macro   0x00018491       0x8e ./Core/Src/EmulateMIDI.o
 .debug_macro   0x0001851f       0x1c ./Core/Src/EmulateMIDI.o
 .debug_macro   0x0001853b      0x17e ./Core/Src/EmulateMIDI.o
 .debug_macro   0x000186b9       0x16 ./Core/Src/EmulateMIDI.o
 .debug_macro   0x000186cf       0x16 ./Core/Src/EmulateMIDI.o
 .debug_macro   0x000186e5      0x146 ./Core/Src/EmulateMIDI.o
 .debug_macro   0x0001882b       0x16 ./Core/Src/EmulateMIDI.o
 .debug_macro   0x00018841       0x16 ./Core/Src/EmulateMIDI.o
 .debug_macro   0x00018857       0x29 ./Core/Src/EmulateMIDI.o
 .debug_macro   0x00018880       0x16 ./Core/Src/EmulateMIDI.o
 .debug_macro   0x00018896       0x20 ./Core/Src/EmulateMIDI.o
 .debug_macro   0x000188b6       0x84 ./Core/Src/EmulateMIDI.o
 .debug_macro   0x0001893a      0x1c8 ./Core/Src/EmulateMIDI.o
 .debug_macro   0x00018b02       0x52 ./Core/Src/EmulateMIDI.o
 .debug_macro   0x00018b54       0x1c ./Core/Src/EmulateMIDI.o
 .debug_macro   0x00018b70       0x76 ./Core/Src/EmulateMIDI.o
 .debug_macro   0x00018be6       0x52 ./Core/Src/EmulateMIDI.o
 .debug_macro   0x00018c38       0x46 ./Core/Src/EmulateMIDI.o
 .debug_macro   0x00018c7e       0x16 ./Core/Src/EmulateMIDI.o
 .debug_macro   0x00018c94       0xb2 ./Core/Src/EmulateMIDI.o
 .debug_macro   0x00018d46      0x1e7 ./Core/Src/Jump2System.o
 .debug_macro   0x00018f2d       0x6d ./Core/Src/bitcount.o
 .debug_macro   0x00018f9a      0x2ca ./Core/Src/led.o
 .debug_macro   0x00019264       0x5b ./Core/Src/led.o
 .debug_macro   0x000192bf       0x94 ./Core/Src/led.o
 .debug_macro   0x00019353       0x57 ./Core/Src/led.o
 .debug_macro   0x000193aa       0x10 ./Core/Src/led.o
 .debug_macro   0x000193ba       0x4f ./Core/Src/led.o
 .debug_macro   0x00019409       0x70 ./Core/Src/led.o
 .debug_macro   0x00019479      0x3f6 ./Core/Src/main.o
 .debug_macro   0x0001986f       0x22 ./Core/Src/main.o
 .debug_macro   0x00019891       0x7b ./Core/Src/queue.o
 .debug_macro   0x0001990c       0x10 ./Core/Src/queue.o
 .debug_macro   0x0001991c      0x1f9 ./Core/Src/speaker.o
 .debug_macro   0x00019b15       0x4c ./Core/Src/speaker.o
 .debug_macro   0x00019b61      0x1e1 ./Core/Src/stm32f0xx_hal_msp.o
 .debug_macro   0x00019d42      0x2dd ./Core/Src/stm32f0xx_it.o
 .debug_macro   0x0001a01f      0x1d2 ./Core/Src/system_stm32f0xx.o
 .debug_macro   0x0001a1f1      0x1f6 ./Drivers/STM32F0xx_HAL_Driver/Src/stm32f0xx_hal.o
 .debug_macro   0x0001a3e7      0x1d2 ./Drivers/STM32F0xx_HAL_Driver/Src/stm32f0xx_hal_cortex.o
 .debug_macro   0x0001a5b9      0x1d2 ./Drivers/STM32F0xx_HAL_Driver/Src/stm32f0xx_hal_dma.o
 .debug_macro   0x0001a78b      0x1d9 ./Drivers/STM32F0xx_HAL_Driver/Src/stm32f0xx_hal_gpio.o
 .debug_macro   0x0001a964      0x1de ./Drivers/STM32F0xx_HAL_Driver/Src/stm32f0xx_hal_pcd.o
 .debug_macro   0x0001ab42      0x1d2 ./Drivers/STM32F0xx_HAL_Driver/Src/stm32f0xx_hal_pcd_ex.o
 .debug_macro   0x0001ad14      0x1d2 ./Drivers/STM32F0xx_HAL_Driver/Src/stm32f0xx_hal_pwr.o
 .debug_macro   0x0001aee6      0x1e4 ./Drivers/STM32F0xx_HAL_Driver/Src/stm32f0xx_hal_rcc.o
 .debug_macro   0x0001b0ca      0x1e4 ./Drivers/STM32F0xx_HAL_Driver/Src/stm32f0xx_hal_rcc_ex.o
 .debug_macro   0x0001b2ae      0x1d3 ./Drivers/STM32F0xx_HAL_Driver/Src/stm32f0xx_hal_tim.o
 .debug_macro   0x0001b481      0x1d2 ./Drivers/STM32F0xx_HAL_Driver/Src/stm32f0xx_hal_tim_ex.o
 .debug_macro   0x0001b653      0x1d2 ./Drivers/STM32F0xx_HAL_Driver/Src/stm32f0xx_ll_usb.o
 .debug_macro   0x0001b825      0x357 ./Middlewares/ST/STM32_USB_Device_Library/Core/Src/usbd_core.o
 .debug_macro   0x0001bb7c       0x9e ./Middlewares/ST/STM32_USB_Device_Library/Core/Src/usbd_core.o
 .debug_macro   0x0001bc1a      0x112 ./Middlewares/ST/STM32_USB_Device_Library/Core/Src/usbd_core.o
 .debug_macro   0x0001bd2c      0x1ce ./Middlewares/ST/STM32_USB_Device_Library/Core/Src/usbd_core.o
 .debug_macro   0x0001befa      0x361 ./Middlewares/ST/STM32_USB_Device_Library/Core/Src/usbd_ctlreq.o
 .debug_macro   0x0001c25b      0x35d ./Middlewares/ST/STM32_USB_Device_Library/Core/Src/usbd_ioreq.o
 .debug_macro   0x0001c5b8      0x38c ./Middlewares/USBMIDI/Src/usbd_midi.o
 .debug_macro   0x0001c944      0x3a3 ./USB_DEVICE/App/usb_device.o
 .debug_macro   0x0001cce7      0x2f6 ./USB_DEVICE/App/usb_device.o
 .debug_macro   0x0001cfdd      0x3b8 ./USB_DEVICE/App/usbd_desc.o
 .debug_macro   0x0001d395      0x3ea ./USB_DEVICE/App/usbd_midi_if.o
 .debug_macro   0x0001d77f      0x386 ./USB_DEVICE/Target/usbd_conf.o

.debug_line     0x00000000    0x179cd
 .debug_line    0x00000000      0xbd8 ./Core/Src/EmulateMIDI.o
 .debug_line    0x00000bd8      0x734 ./Core/Src/Jump2System.o
 .debug_line    0x0000130c      0x44b ./Core/Src/bitcount.o
 .debug_line    0x00001757      0x9e3 ./Core/Src/led.o
 .debug_line    0x0000213a      0xf8d ./Core/Src/main.o
 .debug_line    0x000030c7      0x42c ./Core/Src/queue.o
 .debug_line    0x000034f3      0x717 ./Core/Src/speaker.o
 .debug_line    0x00003c0a      0x7fa ./Core/Src/stm32f0xx_hal_msp.o
 .debug_line    0x00004404      0xba5 ./Core/Src/stm32f0xx_it.o
 .debug_line    0x00004fa9      0x747 ./Core/Src/system_stm32f0xx.o
 .debug_line    0x000056f0       0x7b ./Core/Startup/startup_stm32f072r8tx.o
 .debug_line    0x0000576b      0x941 ./Drivers/STM32F0xx_HAL_Driver/Src/stm32f0xx_hal.o
 .debug_line    0x000060ac      0x9e6 ./Drivers/STM32F0xx_HAL_Driver/Src/stm32f0xx_hal_cortex.o
 .debug_line    0x00006a92      0xc42 ./Drivers/STM32F0xx_HAL_Driver/Src/stm32f0xx_hal_dma.o
 .debug_line    0x000076d4      0xab8 ./Drivers/STM32F0xx_HAL_Driver/Src/stm32f0xx_hal_gpio.o
 .debug_line    0x0000818c     0x1272 ./Drivers/STM32F0xx_HAL_Driver/Src/stm32f0xx_hal_pcd.o
 .debug_line    0x000093fe      0x861 ./Drivers/STM32F0xx_HAL_Driver/Src/stm32f0xx_hal_pcd_ex.o
 .debug_line    0x00009c5f      0x81a ./Drivers/STM32F0xx_HAL_Driver/Src/stm32f0xx_hal_pwr.o
 .debug_line    0x0000a479      0xe83 ./Drivers/STM32F0xx_HAL_Driver/Src/stm32f0xx_hal_rcc.o
 .debug_line    0x0000b2fc      0xbff ./Drivers/STM32F0xx_HAL_Driver/Src/stm32f0xx_hal_rcc_ex.o
 .debug_line    0x0000befb     0x36ef ./Drivers/STM32F0xx_HAL_Driver/Src/stm32f0xx_hal_tim.o
 .debug_line    0x0000f5ea     0x1845 ./Drivers/STM32F0xx_HAL_Driver/Src/stm32f0xx_hal_tim_ex.o
 .debug_line    0x00010e2f     0x102b ./Drivers/STM32F0xx_HAL_Driver/Src/stm32f0xx_ll_usb.o
 .debug_line    0x00011e5a      0xd0e ./Middlewares/ST/STM32_USB_Device_Library/Core/Src/usbd_core.o
 .debug_line    0x00012b68      0xf55 ./Middlewares/ST/STM32_USB_Device_Library/Core/Src/usbd_ctlreq.o
 .debug_line    0x00013abd      0x9c4 ./Middlewares/ST/STM32_USB_Device_Library/Core/Src/usbd_ioreq.o
 .debug_line    0x00014481      0x9f1 ./Middlewares/USBMIDI/Src/usbd_midi.o
 .debug_line    0x00014e72      0x994 ./USB_DEVICE/App/usb_device.o
 .debug_line    0x00015806      0xa3d ./USB_DEVICE/App/usbd_desc.o
 .debug_line    0x00016243      0xa06 ./USB_DEVICE/App/usbd_midi_if.o
 .debug_line    0x00016c49      0xd84 ./USB_DEVICE/Target/usbd_conf.o

.debug_str      0x00000000    0x9a962
 .debug_str     0x00000000    0x9a962 ./Core/Src/EmulateMIDI.o
                              0x9657c (size before relaxing)
 .debug_str     0x0009a962    0x90f54 ./Core/Src/Jump2System.o
 .debug_str     0x0009a962     0x3cfd ./Core/Src/bitcount.o
 .debug_str     0x0009a962    0x9491c ./Core/Src/led.o
 .debug_str     0x0009a962    0x96dc3 ./Core/Src/main.o
 .debug_str     0x0009a962     0x3d8c ./Core/Src/queue.o
 .debug_str     0x0009a962    0x913ca ./Core/Src/speaker.o
 .debug_str     0x0009a962    0x915db ./Core/Src/stm32f0xx_hal_msp.o
 .debug_str     0x0009a962    0x9533e ./Core/Src/stm32f0xx_it.o
 .debug_str     0x0009a962    0x904cd ./Core/Src/system_stm32f0xx.o
 .debug_str     0x0009a962       0x67 ./Core/Startup/startup_stm32f072r8tx.o
 .debug_str     0x0009a962    0x90ac3 ./Drivers/STM32F0xx_HAL_Driver/Src/stm32f0xx_hal.o
 .debug_str     0x0009a962    0x908b4 ./Drivers/STM32F0xx_HAL_Driver/Src/stm32f0xx_hal_cortex.o
 .debug_str     0x0009a962    0x90873 ./Drivers/STM32F0xx_HAL_Driver/Src/stm32f0xx_hal_dma.o
 .debug_str     0x0009a962    0x9066e ./Drivers/STM32F0xx_HAL_Driver/Src/stm32f0xx_hal_gpio.o
 .debug_str     0x0009a962    0x90d98 ./Drivers/STM32F0xx_HAL_Driver/Src/stm32f0xx_hal_pcd.o
 .debug_str     0x0009a962    0x909d4 ./Drivers/STM32F0xx_HAL_Driver/Src/stm32f0xx_hal_pcd_ex.o
 .debug_str     0x0009a962    0x9060a ./Drivers/STM32F0xx_HAL_Driver/Src/stm32f0xx_hal_pwr.o
 .debug_str     0x0009a962    0x90914 ./Drivers/STM32F0xx_HAL_Driver/Src/stm32f0xx_hal_rcc.o
 .debug_str     0x0009a962    0x908cc ./Drivers/STM32F0xx_HAL_Driver/Src/stm32f0xx_hal_rcc_ex.o
 .debug_str     0x0009a962    0x918e3 ./Drivers/STM32F0xx_HAL_Driver/Src/stm32f0xx_hal_tim.o
 .debug_str     0x0009a962    0x910ef ./Drivers/STM32F0xx_HAL_Driver/Src/stm32f0xx_hal_tim_ex.o
 .debug_str     0x0009a962    0x908d5 ./Drivers/STM32F0xx_HAL_Driver/Src/stm32f0xx_ll_usb.o
 .debug_str     0x0009a962    0x95679 ./Middlewares/ST/STM32_USB_Device_Library/Core/Src/usbd_core.o
 .debug_str     0x0009a962    0x95593 ./Middlewares/ST/STM32_USB_Device_Library/Core/Src/usbd_ctlreq.o
 .debug_str     0x0009a962    0x954c0 ./Middlewares/ST/STM32_USB_Device_Library/Core/Src/usbd_ioreq.o
 .debug_str     0x0009a962    0x95d7f ./Middlewares/USBMIDI/Src/usbd_midi.o
 .debug_str     0x0009a962    0x958b3 ./USB_DEVICE/App/usb_device.o
 .debug_str     0x0009a962    0x95479 ./USB_DEVICE/App/usbd_desc.o
 .debug_str     0x0009a962    0x95b50 ./USB_DEVICE/App/usbd_midi_if.o
 .debug_str     0x0009a962    0x962f2 ./USB_DEVICE/Target/usbd_conf.o

.comment        0x00000000       0x43
 .comment       0x00000000       0x43 ./Core/Src/EmulateMIDI.o
                                 0x44 (size before relaxing)
 .comment       0x00000043       0x44 ./Core/Src/Jump2System.o
 .comment       0x00000043       0x44 ./Core/Src/bitcount.o
 .comment       0x00000043       0x44 ./Core/Src/led.o
 .comment       0x00000043       0x44 ./Core/Src/main.o
 .comment       0x00000043       0x44 ./Core/Src/queue.o
 .comment       0x00000043       0x44 ./Core/Src/speaker.o
 .comment       0x00000043       0x44 ./Core/Src/stm32f0xx_hal_msp.o
 .comment       0x00000043       0x44 ./Core/Src/stm32f0xx_it.o
 .comment       0x00000043       0x44 ./Core/Src/system_stm32f0xx.o
 .comment       0x00000043       0x44 ./Drivers/STM32F0xx_HAL_Driver/Src/stm32f0xx_hal.o
 .comment       0x00000043       0x44 ./Drivers/STM32F0xx_HAL_Driver/Src/stm32f0xx_hal_cortex.o
 .comment       0x00000043       0x44 ./Drivers/STM32F0xx_HAL_Driver/Src/stm32f0xx_hal_dma.o
 .comment       0x00000043       0x44 ./Drivers/STM32F0xx_HAL_Driver/Src/stm32f0xx_hal_gpio.o
 .comment       0x00000043       0x44 ./Drivers/STM32F0xx_HAL_Driver/Src/stm32f0xx_hal_pcd.o
 .comment       0x00000043       0x44 ./Drivers/STM32F0xx_HAL_Driver/Src/stm32f0xx_hal_pcd_ex.o
 .comment       0x00000043       0x44 ./Drivers/STM32F0xx_HAL_Driver/Src/stm32f0xx_hal_pwr.o
 .comment       0x00000043       0x44 ./Drivers/STM32F0xx_HAL_Driver/Src/stm32f0xx_hal_rcc.o
 .comment       0x00000043       0x44 ./Drivers/STM32F0xx_HAL_Driver/Src/stm32f0xx_hal_rcc_ex.o
 .comment       0x00000043       0x44 ./Drivers/STM32F0xx_HAL_Driver/Src/stm32f0xx_hal_tim.o
 .comment       0x00000043       0x44 ./Drivers/STM32F0xx_HAL_Driver/Src/stm32f0xx_hal_tim_ex.o
 .comment       0x00000043       0x44 ./Drivers/STM32F0xx_HAL_Driver/Src/stm32f0xx_ll_usb.o
 .comment       0x00000043       0x44 ./Middlewares/ST/STM32_USB_Device_Library/Core/Src/usbd_core.o
 .comment       0x00000043       0x44 ./Middlewares/ST/STM32_USB_Device_Library/Core/Src/usbd_ctlreq.o
 .comment       0x00000043       0x44 ./Middlewares/ST/STM32_USB_Device_Library/Core/Src/usbd_ioreq.o
 .comment       0x00000043       0x44 ./Middlewares/USBMIDI/Src/usbd_midi.o
 .comment       0x00000043       0x44 ./USB_DEVICE/App/usb_device.o
 .comment       0x00000043       0x44 ./USB_DEVICE/App/usbd_desc.o
 .comment       0x00000043       0x44 ./USB_DEVICE/App/usbd_midi_if.o
 .comment       0x00000043       0x44 ./USB_DEVICE/Target/usbd_conf.o

.debug_frame    0x00000000     0x3d7c
 .debug_frame   0x00000000       0x90 ./Core/Src/EmulateMIDI.o
 .debug_frame   0x00000090       0x30 ./Core/Src/Jump2System.o
 .debug_frame   0x000000c0       0xb0 ./Core/Src/bitcount.o