../Core/Src/main.c:128:20:Stop_All_Encoders	8	static
../Core/Src/main.c:135:20:Start_All_Encoders	8	static
../Core/Src/main.c:143:6:Start_LongTimer	16	static
../Core/Src/main.c:153:13:Matrix_Control	16	static
../Core/Src/main.c:175:5:main	32	static
../Core/Src/main.c:412:6:SystemClock_Config	112	static
../Core/Src/main.c:455:13:MX_TIM1_Init	96	static
../Core/Src/main.c:530:13:MX_TIM2_Init	32	static
../Core/Src/main.c:575:13:MX_TIM3_Init	64	static
../Core/Src/main.c:634:13:MX_TIM6_Init	16	static
../Core/Src/main.c:672:13:MX_TIM14_Init	8	static
../Core/Src/main.c:701:13:MX_DMA_Init	16	static
../Core/Src/main.c:719:13:MX_GPIO_Init	56	static
../Core/Src/main.c:808:6:Error_Handler	8	static,ignoring_inline_asm
