../Core/Src/stm32f0xx_it.c:126:6:NMI_Handler	8	static
../Core/Src/stm32f0xx_it.c:141:6:HardFault_Handler	8	static
../Core/Src/stm32f0xx_it.c:156:6:SVC_Handler	8	static
../Core/Src/stm32f0xx_it.c:169:6:PendSV_Handler	8	static
../Core/Src/stm32f0xx_it.c:182:6:SysTick_Handler	8	static
../Core/Src/stm32f0xx_it.c:203:6:DMA1_Channel4_5_6_7_IRQHandler	8	static
../Core/Src/stm32f0xx_it.c:225:6:TIM2_IRQHandler	32	static
../Core/Src/stm32f0xx_it.c:354:6:TIM6_DAC_IRQHandler	8	static
../Core/Src/stm32f0xx_it.c:368:6:USB_IRQHandler	8	static
../Core/Src/stm32f0xx_it.c:383:6:ENC_Init	16	static
../Core/Src/stm32f0xx_it.c:411:6:MTRX_Init	8	static
